Archive member included because of file (symbol)

c:/freescale/kds_v3/toolchain/bin/../lib/gcc/arm-none-eabi/4.8.4/../../../../arm-none-eabi/lib/armv7e-m/fpu\libm.a(lib_a-s_modf.o)
                              ./utilities/fsl_debug_console.o (modf)
c:/freescale/kds_v3/toolchain/bin/../lib/gcc/arm-none-eabi/4.8.4/../../../../arm-none-eabi/lib/armv7e-m/fpu\libm.a(lib_a-w_log10.o)
                              ./source/dr_threshold_algo.o (log10)
c:/freescale/kds_v3/toolchain/bin/../lib/gcc/arm-none-eabi/4.8.4/../../../../arm-none-eabi/lib/armv7e-m/fpu\libm.a(lib_a-w_pow.o)
                              ./utilities/fsl_debug_console.o (pow)
c:/freescale/kds_v3/toolchain/bin/../lib/gcc/arm-none-eabi/4.8.4/../../../../arm-none-eabi/lib/armv7e-m/fpu\libm.a(lib_a-e_log10.o)
                              c:/freescale/kds_v3/toolchain/bin/../lib/gcc/arm-none-eabi/4.8.4/../../../../arm-none-eabi/lib/armv7e-m/fpu\libm.a(lib_a-w_log10.o) (__ieee754_log10)
c:/freescale/kds_v3/toolchain/bin/../lib/gcc/arm-none-eabi/4.8.4/../../../../arm-none-eabi/lib/armv7e-m/fpu\libm.a(lib_a-e_pow.o)
                              c:/freescale/kds_v3/toolchain/bin/../lib/gcc/arm-none-eabi/4.8.4/../../../../arm-none-eabi/lib/armv7e-m/fpu\libm.a(lib_a-w_pow.o) (__ieee754_pow)
c:/freescale/kds_v3/toolchain/bin/../lib/gcc/arm-none-eabi/4.8.4/../../../../arm-none-eabi/lib/armv7e-m/fpu\libm.a(lib_a-e_sqrt.o)
                              c:/freescale/kds_v3/toolchain/bin/../lib/gcc/arm-none-eabi/4.8.4/../../../../arm-none-eabi/lib/armv7e-m/fpu\libm.a(lib_a-e_pow.o) (__ieee754_sqrt)
c:/freescale/kds_v3/toolchain/bin/../lib/gcc/arm-none-eabi/4.8.4/../../../../arm-none-eabi/lib/armv7e-m/fpu\libm.a(lib_a-s_fabs.o)
                              c:/freescale/kds_v3/toolchain/bin/../lib/gcc/arm-none-eabi/4.8.4/../../../../arm-none-eabi/lib/armv7e-m/fpu\libm.a(lib_a-e_pow.o) (fabs)
c:/freescale/kds_v3/toolchain/bin/../lib/gcc/arm-none-eabi/4.8.4/../../../../arm-none-eabi/lib/armv7e-m/fpu\libm.a(lib_a-s_finite.o)
                              c:/freescale/kds_v3/toolchain/bin/../lib/gcc/arm-none-eabi/4.8.4/../../../../arm-none-eabi/lib/armv7e-m/fpu\libm.a(lib_a-w_pow.o) (finite)
c:/freescale/kds_v3/toolchain/bin/../lib/gcc/arm-none-eabi/4.8.4/../../../../arm-none-eabi/lib/armv7e-m/fpu\libm.a(lib_a-s_fpclassify.o)
                              c:/freescale/kds_v3/toolchain/bin/../lib/gcc/arm-none-eabi/4.8.4/../../../../arm-none-eabi/lib/armv7e-m/fpu\libm.a(lib_a-w_log10.o) (__fpclassifyd)
c:/freescale/kds_v3/toolchain/bin/../lib/gcc/arm-none-eabi/4.8.4/../../../../arm-none-eabi/lib/armv7e-m/fpu\libm.a(lib_a-s_lib_ver.o)
                              c:/freescale/kds_v3/toolchain/bin/../lib/gcc/arm-none-eabi/4.8.4/../../../../arm-none-eabi/lib/armv7e-m/fpu\libm.a(lib_a-w_log10.o) (__fdlib_version)
c:/freescale/kds_v3/toolchain/bin/../lib/gcc/arm-none-eabi/4.8.4/../../../../arm-none-eabi/lib/armv7e-m/fpu\libm.a(lib_a-s_matherr.o)
                              c:/freescale/kds_v3/toolchain/bin/../lib/gcc/arm-none-eabi/4.8.4/../../../../arm-none-eabi/lib/armv7e-m/fpu\libm.a(lib_a-w_log10.o) (matherr)
c:/freescale/kds_v3/toolchain/bin/../lib/gcc/arm-none-eabi/4.8.4/../../../../arm-none-eabi/lib/armv7e-m/fpu\libm.a(lib_a-s_nan.o)
                              c:/freescale/kds_v3/toolchain/bin/../lib/gcc/arm-none-eabi/4.8.4/../../../../arm-none-eabi/lib/armv7e-m/fpu\libm.a(lib_a-w_log10.o) (nan)
c:/freescale/kds_v3/toolchain/bin/../lib/gcc/arm-none-eabi/4.8.4/../../../../arm-none-eabi/lib/armv7e-m/fpu\libm.a(lib_a-s_rint.o)
                              c:/freescale/kds_v3/toolchain/bin/../lib/gcc/arm-none-eabi/4.8.4/../../../../arm-none-eabi/lib/armv7e-m/fpu\libm.a(lib_a-w_pow.o) (rint)
c:/freescale/kds_v3/toolchain/bin/../lib/gcc/arm-none-eabi/4.8.4/../../../../arm-none-eabi/lib/armv7e-m/fpu\libm.a(lib_a-s_scalbn.o)
                              c:/freescale/kds_v3/toolchain/bin/../lib/gcc/arm-none-eabi/4.8.4/../../../../arm-none-eabi/lib/armv7e-m/fpu\libm.a(lib_a-e_pow.o) (scalbn)
c:/freescale/kds_v3/toolchain/bin/../lib/gcc/arm-none-eabi/4.8.4/../../../../arm-none-eabi/lib/armv7e-m/fpu\libm.a(lib_a-e_log.o)
                              c:/freescale/kds_v3/toolchain/bin/../lib/gcc/arm-none-eabi/4.8.4/../../../../arm-none-eabi/lib/armv7e-m/fpu\libm.a(lib_a-e_log10.o) (__ieee754_log)
c:/freescale/kds_v3/toolchain/bin/../lib/gcc/arm-none-eabi/4.8.4/../../../../arm-none-eabi/lib/armv7e-m/fpu\libm.a(lib_a-s_copysign.o)
                              c:/freescale/kds_v3/toolchain/bin/../lib/gcc/arm-none-eabi/4.8.4/../../../../arm-none-eabi/lib/armv7e-m/fpu\libm.a(lib_a-s_scalbn.o) (copysign)
c:/freescale/kds_v3/toolchain/bin/../lib/gcc/arm-none-eabi/4.8.4/../../../../arm-none-eabi/lib/armv7e-m/fpu\libg_s.a(lib_a-errno.o)
                              ./utilities/fsl_sbrk.o (__errno)
c:/freescale/kds_v3/toolchain/bin/../lib/gcc/arm-none-eabi/4.8.4/../../../../arm-none-eabi/lib/armv7e-m/fpu\libg_s.a(lib_a-exit.o)
[...]
Memory Configuration

Name             Origin             Length             Attributes
m_interrupts     0x00000000         0x00000400         xr
m_flash_config   0x00000400         0x00000010         xr
m_text           0x00000410         0x000ffbf0         xr
m_data           0x1fff0000         0x00010000         rw
m_data_2         0x20000000         0x00030000         rw
*default*        0x00000000         0xffffffff

Linker script and memory map

LOAD c:/freescale/kds_v3/toolchain/bin/../lib/gcc/arm-none-eabi/4.8.4/armv7e-m/fpu/crti.o
LOAD c:/freescale/kds_v3/toolchain/bin/../lib/gcc/arm-none-eabi/4.8.4/armv7e-m/fpu/crtbegin.o
LOAD c:/freescale/kds_v3/toolchain/bin/../lib/gcc/arm-none-eabi/4.8.4/../../../../arm-none-eabi/lib/armv7e-m/fpu/crt0.o
START GROUP
LOAD ./utilities/fsl_debug_console.o
LOAD ./utilities/fsl_sbrk.o
LOAD ./startup/startup_MK64F12.o
LOAD ./startup/system_MK64F12.o
LOAD ./source/adc.o
LOAD ./source/agc.o
LOAD ./source/algo.o
LOAD ./source/amp.o
LOAD ./source/calcdr.o
LOAD ./source/calreader.o
LOAD ./source/diag.o
LOAD ./source/dr_threshold_algo.o
LOAD ./source/equal_energy_algo.o
LOAD ./source/flash.o
LOAD ./source/freertos_i2c.o
LOAD ./source/kjmonitor.o
LOAD ./source/rfoff.o
LOAD ./source/rtostimertick.o
LOAD ./source/sortalgo.o
LOAD ./source/spi_master.o
LOAD ./source/timer.o
LOAD ./source/top_percentage_algo.o
LOAD ./source/wdog.o
LOAD ./freertos/portable/port.o
LOAD ./freertos/croutine.o
LOAD ./freertos/event_groups.o
LOAD ./freertos/heap_4.o
LOAD ./freertos/list.o
LOAD ./freertos/queue.o
LOAD ./freertos/tasks.o
LOAD ./freertos/timers.o
LOAD ./drivers/freertos/fsl_i2c_freertos.o
LOAD ./drivers/fsl_adc16.o
LOAD ./drivers/fsl_clock.o
LOAD ./drivers/fsl_common.o
LOAD ./drivers/fsl_dspi.o
LOAD ./drivers/fsl_flash.o
LOAD ./drivers/fsl_gpio.o
LOAD ./drivers/fsl_i2c.o
LOAD ./drivers/fsl_lptmr.o
LOAD ./drivers/fsl_rcm.o
LOAD ./drivers/fsl_smc.o
LOAD ./drivers/fsl_uart.o
LOAD ./drivers/fsl_wdog.o
LOAD ./board/board.o
LOAD ./board/clock_config.o
LOAD ./board/pin_mux.o
LOAD c:/freescale/kds_v3/toolchain/bin/../lib/gcc/arm-none-eabi/4.8.4/../../../../arm-none-eabi/lib/armv7e-m/fpu\libm.a
LOAD c:/freescale/kds_v3/toolchain/bin/../lib/gcc/arm-none-eabi/4.8.4/../../../../arm-none-eabi/lib/armv7e-m/fpu\libg_s.a
LOAD c:/freescale/kds_v3/toolchain/bin/../lib/gcc/arm-none-eabi/4.8.4/armv7e-m/fpu\libgcc.a
LOAD c:/freescale/kds_v3/toolchain/bin/../lib/gcc/arm-none-eabi/4.8.4/../../../../arm-none-eabi/lib/armv7e-m/fpu\libnosys.a
END GROUP
START GROUP
LOAD c:/freescale/kds_v3/toolchain/bin/../lib/gcc/arm-none-eabi/4.8.4/armv7e-m/fpu\libgcc.a
LOAD c:/freescale/kds_v3/toolchain/bin/../lib/gcc/arm-none-eabi/4.8.4/../../../../arm-none-eabi/lib/armv7e-m/fpu\libg_s.a
LOAD c:/freescale/kds_v3/toolchain/bin/../lib/gcc/arm-none-eabi/4.8.4/../../../../arm-none-eabi/lib/armv7e-m/fpu\libc_s.a
END GROUP
START GROUP
LOAD c:/freescale/kds_v3/toolchain/bin/../lib/gcc/arm-none-eabi/4.8.4/armv7e-m/fpu\libgcc.a
LOAD c:/freescale/kds_v3/toolchain/bin/../lib/gcc/arm-none-eabi/4.8.4/../../../../arm-none-eabi/lib/armv7e-m/fpu\libc_s.a
END GROUP
LOAD c:/freescale/kds_v3/toolchain/bin/../lib/gcc/arm-none-eabi/4.8.4/armv7e-m/fpu/crtend.o
LOAD c:/freescale/kds_v3/toolchain/bin/../lib/gcc/arm-none-eabi/4.8.4/armv7e-m/fpu/crtn.o
                0x00000400                HEAP_SIZE = DEFINED (__heap_size__)?__heap_size__:0x400
                0x00000400                STACK_SIZE = DEFINED (__stack_size__)?__stack_size__:0x400
                0x00000000                M_VECTOR_RAM_SIZE = DEFINED (__ram_vector_table__)?0x400:0x0

.interrupts     0x00000000      0x400
                0x00000000                __VECTOR_TABLE = .
                0x00000000                . = ALIGN (0x4)
 *(.isr_vector)
 .isr_vector    0x00000000      0x400 ./startup/startup_MK64F12.o
                0x00000000                __isr_vector
                0x00000400                . = ALIGN (0x4)

.flash_config   0x00000400       0x10
                0x00000400                . = ALIGN (0x4)
 *(.FlashConfig)
 .FlashConfig   0x00000400       0x10 ./startup/startup_MK64F12.o
                0x00000410                . = ALIGN (0x4)

.text           0x00000410     0xe170
                0x00000410                . = ALIGN (0x4)
 *(.text)
 .text          0x00000410       0x54 c:/freescale/kds_v3/toolchain/bin/../lib/gcc/arm-none-eabi/4.8.4/armv7e-m/fpu/crtbegin.o
 .text          0x00000464       0x74 c:/freescale/kds_v3/toolchain/bin/../lib/gcc/arm-none-eabi/4.8.4/../../../../arm-none-eabi/lib/armv7e-m/fpu/crt0.o
                0x00000464                _start
                0x00000464                _mainCRTStartup
 .text          0x000004d8      0x1fc ./startup/startup_MK64F12.o
                0x000004d8                Reset_Handler
                0x00000534                DebugMon_Handler
                0x00000534                PORTC_IRQHandler
                0x00000534                DMA0_DriverIRQHandler
                0x00000534                DMA12_DriverIRQHandler
                0x00000534                USB0_IRQHandler
                0x00000534                DMA_Error_DriverIRQHandler
                0x00000534                CMP0_IRQHandler
                0x00000534                I2S0_Rx_DriverIRQHandler
                0x00000534                DMA7_DriverIRQHandler
                0x00000534                ENET_Transmit_DriverIRQHandler
                0x00000534                DMA2_DriverIRQHandler
                0x00000534                UART1_ERR_DriverIRQHandler
                0x00000534                BusFault_Handler
                0x00000534                SDHC_DriverIRQHandler
                0x00000534                PIT0_IRQHandler
                0x00000534                FTM2_IRQHandler
                0x00000534                CMP2_IRQHandler
                0x00000534                LLWU_IRQHandler
                0x00000534                I2S0_Tx_DriverIRQHandler
                0x00000534                DMA6_DriverIRQHandler
                0x00000534                PORTE_IRQHandler
                0x00000534                FTM3_IRQHandler
                0x00000534                CAN0_DriverIRQHandler
                0x00000534                ENET_1588_Timer_DriverIRQHandler
                0x00000534                SWI_IRQHandler
                0x00000534                UsageFault_Handler
                0x00000534                MCM_IRQHandler
                0x00000534                CMT_IRQHandler
                0x00000534                DAC1_IRQHandler
                0x00000534                PORTA_IRQHandler
                0x00000534                DefaultISR
                0x00000534                FTM0_IRQHandler
                0x00000534                UART5_ERR_DriverIRQHandler
                0x00000534                LVD_LVW_IRQHandler
                0x00000534                DMA11_DriverIRQHandler
                0x00000534                CMP1_IRQHandler
                0x00000534                Reserved71_IRQHandler
                0x00000534                PORTD_IRQHandler
                0x00000534                PORTB_IRQHandler
                0x00000534                DMA10_DriverIRQHandler
                0x00000534                PIT1_IRQHandler
                0x00000534                UART2_ERR_DriverIRQHandler
                0x00000534                ADC1_IRQHandler
                0x00000534                DMA5_DriverIRQHandler
                0x00000534                DMA4_DriverIRQHandler
                0x00000534                DMA15_DriverIRQHandler
                0x00000534                PIT2_IRQHandler
                0x00000534                ENET_Error_DriverIRQHandler
                0x00000534                DMA13_DriverIRQHandler
                0x00000534                RTC_IRQHandler
                0x00000534                UART3_ERR_DriverIRQHandler
                0x00000534                PDB0_IRQHandler
                0x00000534                FTFE_IRQHandler
                0x00000534                FTM1_IRQHandler
                0x00000534                DAC0_IRQHandler
                0x00000534                ENET_Receive_DriverIRQHandler
                0x00000534                DMA3_DriverIRQHandler
                0x00000534                PIT3_IRQHandler
                0x00000534                USBDCD_IRQHandler
                0x00000534                RTC_Seconds_IRQHandler
                0x00000534                MCG_IRQHandler
                0x00000534                WDOG_EWM_IRQHandler
                0x00000534                DMA9_DriverIRQHandler
                0x00000534                DMA8_DriverIRQHandler
                0x00000534                UART0_ERR_DriverIRQHandler
                0x00000534                RNG_IRQHandler
                0x00000534                DMA1_DriverIRQHandler
                0x00000534                UART0_LON_DriverIRQHandler
                0x00000534                Read_Collision_IRQHandler
                0x00000534                DMA14_DriverIRQHandler
                0x00000534                MemManage_Handler
                0x00000534                UART4_ERR_DriverIRQHandler
                0x00000538                NMI_Handler
                0x0000053c                HardFault_Handler
                0x0000054c                DMA0_IRQHandler
                0x00000550                DMA1_IRQHandler
                0x00000554                DMA2_IRQHandler
                0x00000558                DMA3_IRQHandler
                0x0000055c                DMA4_IRQHandler
                0x00000560                DMA5_IRQHandler
                0x00000564                DMA6_IRQHandler
                0x00000568                DMA7_IRQHandler
                0x0000056c                DMA8_IRQHandler
                0x00000570                DMA9_IRQHandler
                0x00000574                DMA10_IRQHandler
                0x00000578                DMA11_IRQHandler
                0x0000057c                DMA12_IRQHandler
                0x00000580                DMA13_IRQHandler
                0x00000584                DMA14_IRQHandler
                0x00000588                DMA15_IRQHandler
                0x0000058c                DMA_Error_IRQHandler
                0x00000590                I2C0_IRQHandler
                0x00000594                I2C1_IRQHandler
                0x00000598                SPI0_IRQHandler
                0x0000059c                SPI1_IRQHandler
                0x000005a0                I2S0_Tx_IRQHandler
                0x000005a4                I2S0_Rx_IRQHandler
                0x000005a8                UART0_LON_IRQHandler
                0x000005ac                UART0_RX_TX_IRQHandler
                0x000005b0                UART0_ERR_IRQHandler
                0x000005b4                UART1_RX_TX_IRQHandler
                0x000005b8                UART1_ERR_IRQHandler
                0x000005bc                UART2_RX_TX_IRQHandler
                0x000005c0                UART2_ERR_IRQHandler
                0x000005c4                UART3_RX_TX_IRQHandler
                0x000005c8                UART3_ERR_IRQHandler
                0x000005cc                SPI2_IRQHandler
                0x000005d0                UART4_RX_TX_IRQHandler
                0x000005d4                UART4_ERR_IRQHandler
                0x000005d8                UART5_RX_TX_IRQHandler
                0x000005dc                UART5_ERR_IRQHandler
                0x000005e0                I2C2_IRQHandler
                0x000005e4                CAN0_ORed_Message_buffer_IRQHandler
                0x000005e8                CAN0_Bus_Off_IRQHandler
                0x000005ec                CAN0_Error_IRQHandler
                0x000005f0                CAN0_Tx_Warning_IRQHandler
                0x000005f4                CAN0_Rx_Warning_IRQHandler
                0x000005f8                CAN0_Wake_Up_IRQHandler
                0x000005fc                SDHC_IRQHandler
                0x00000600                ENET_1588_Timer_IRQHandler
                0x00000604                ENET_Transmit_IRQHandler
                0x00000608                ENET_Receive_IRQHandler
                0x0000060c                ENET_Error_IRQHandler
 .text          0x000006d4      0x370 c:/freescale/kds_v3/toolchain/bin/../lib/gcc/arm-none-eabi/4.8.4/armv7e-m/fpu\libgcc.a(_arm_addsubdf3.o)
                0x000006d4                __aeabi_drsub
                0x000006dc                __aeabi_dsub
                0x000006dc                __subdf3
                0x000006e0                __aeabi_dadd
                0x000006e0                __adddf3
                0x00000958                __floatunsidf
                0x00000958                __aeabi_ui2d
                0x00000978                __floatsidf
                0x00000978                __aeabi_i2d
                0x0000099c                __aeabi_f2d
                0x0000099c                __extendsfdf2
                0x000009d8                __floatundidf
                0x000009d8                __aeabi_ul2d
                0x000009e8                __floatdidf
                0x000009e8                __aeabi_l2d
 .text          0x00000a44      0x424 c:/freescale/kds_v3/toolchain/bin/../lib/gcc/arm-none-eabi/4.8.4/armv7e-m/fpu\libgcc.a(_arm_muldivdf3.o)
                0x00000a44                __aeabi_dmul
                0x00000a44                __muldf3
                0x00000c98                __divdf3
                0x00000c98                __aeabi_ddiv
 .text          0x00000e68      0x110 c:/freescale/kds_v3/toolchain/bin/../lib/gcc/arm-none-eabi/4.8.4/armv7e-m/fpu\libgcc.a(_arm_cmpdf2.o)
                0x00000e68                __gtdf2
                0x00000e68                __gedf2
                0x00000e70                __ltdf2
                0x00000e70                __ledf2
                0x00000e78                __nedf2
                0x00000e78                __eqdf2
                0x00000e78                __cmpdf2
                0x00000ef4                __aeabi_cdrcmple
                0x00000f04                __aeabi_cdcmpeq
                0x00000f04                __aeabi_cdcmple
                0x00000f14                __aeabi_dcmpeq
                0x00000f28                __aeabi_dcmplt
                0x00000f3c                __aeabi_dcmple
                0x00000f50                __aeabi_dcmpge
                0x00000f64                __aeabi_dcmpgt
 .text          0x00000f78       0x50 c:/freescale/kds_v3/toolchain/bin/../lib/gcc/arm-none-eabi/4.8.4/armv7e-m/fpu\libgcc.a(_arm_fixdfsi.o)
                0x00000f78                __aeabi_d2iz
                0x00000f78                __fixdfsi
 .text          0x00000fc8       0x40 c:/freescale/kds_v3/toolchain/bin/../lib/gcc/arm-none-eabi/4.8.4/armv7e-m/fpu\libgcc.a(_arm_fixunsdfsi.o)
                0x00000fc8                __aeabi_d2uiz
                0x00000fc8                __fixunsdfsi
 .text          0x00001008       0xa0 c:/freescale/kds_v3/toolchain/bin/../lib/gcc/arm-none-eabi/4.8.4/armv7e-m/fpu\libgcc.a(_arm_truncdfsf2.o)
                0x00001008                __truncdfsf2
                0x00001008                __aeabi_d2f
 .text          0x000010a8       0x38 c:/freescale/kds_v3/toolchain/bin/../lib/gcc/arm-none-eabi/4.8.4/armv7e-m/fpu\libgcc.a(_aeabi_ldivmod.o)
                0x000010a8                __aeabi_ldivmod
 .text          0x000010e0       0x2c c:/freescale/kds_v3/toolchain/bin/../lib/gcc/arm-none-eabi/4.8.4/armv7e-m/fpu\libgcc.a(_aeabi_uldivmod.o)
                0x000010e0                __aeabi_uldivmod
 .text          0x0000110c       0x30 c:/freescale/kds_v3/toolchain/bin/../lib/gcc/arm-none-eabi/4.8.4/armv7e-m/fpu\libgcc.a(_fixdfdi.o)
                0x0000110c                __fixdfdi
                0x0000110c                __aeabi_d2lz
 .text          0x0000113c       0x44 c:/freescale/kds_v3/toolchain/bin/../lib/gcc/arm-none-eabi/4.8.4/armv7e-m/fpu\libgcc.a(_fixunsdfdi.o)
                0x0000113c                __fixunsdfdi
                0x0000113c                __aeabi_d2ulz
 .text          0x00001180       0x60 c:/freescale/kds_v3/toolchain/bin/../lib/gcc/arm-none-eabi/4.8.4/armv7e-m/fpu\libgcc.a(bpabi.o)
                0x00001180                __gnu_ldivmod_helper
                0x000011b0                __gnu_uldivmod_helper
 .text          0x000011e0        0x4 c:/freescale/kds_v3/toolchain/bin/../lib/gcc/arm-none-eabi/4.8.4/armv7e-m/fpu\libgcc.a(_dvmd_tls.o)
                0x000011e0                __aeabi_idiv0
                0x000011e0                __aeabi_ldiv0
 .text          0x000011e4      0x298 c:/freescale/kds_v3/toolchain/bin/../lib/gcc/arm-none-eabi/4.8.4/armv7e-m/fpu\libgcc.a(_divdi3.o)
                0x000011e4                __divdi3
 .text          0x0000147c      0x284 c:/freescale/kds_v3/toolchain/bin/../lib/gcc/arm-none-eabi/4.8.4/armv7e-m/fpu\libgcc.a(_udivdi3.o)
                0x0000147c                __udivdi3
 *(.text*)
 .text.UART_EnableTx
                0x00001700       0x40 ./utilities/fsl_debug_console.o
 .text.UART_EnableRx
                0x00001740       0x40 ./utilities/fsl_debug_console.o
 .text.DbgConsole_Init
                0x00001780       0x90 ./utilities/fsl_debug_console.o
                0x00001780                DbgConsole_Init
 .text.DbgConsole_Printf
                0x00001810       0x40 ./utilities/fsl_debug_console.o
                0x00001810                DbgConsole_Printf
 .text.DbgConsole_Putchar
                0x00001850       0x38 ./utilities/fsl_debug_console.o
                0x00001850                DbgConsole_Putchar
 .text.DbgConsole_PrintfPaddingCharacter
                0x00001888       0x40 ./utilities/fsl_debug_console.o
 .text.DbgConsole_ConvertRadixNumToString
                0x000018c8      0x1d8 ./utilities/fsl_debug_console.o
 .text.DbgConsole_ConvertFloatRadixNumToString
                0x00001aa0      0x2b8 ./utilities/fsl_debug_console.o
 .text.DbgConsole_PrintfFormattedData
                0x00001d58      0x8a0 ./utilities/fsl_debug_console.o
 .text.SystemInit
                0x000025f8       0x3c ./startup/system_MK64F12.o
                0x000025f8                SystemInit
 .text.ADC16_EnableDMA
                0x00002634       0x38 ./source/adc.o
 .text.ADC16_EnableHardwareTrigger
                0x0000266c       0x38 ./source/adc.o
 .text.ADC16_GetChannelConversionValue
                0x000026a4       0x3c ./source/adc.o
 .text.ADC0_IRQHandler
                0x000026e0       0x28 ./source/adc.o
                0x000026e0                ADC0_IRQHandler
 .text.InitADCInOneShotMode
                0x00002708       0x58 ./source/adc.o
                0x00002708                InitADCInOneShotMode
 .text.GetADCOnsShotValue
                0x00002760       0x4c ./source/adc.o
                0x00002760                GetADCOnsShotValue
 .text.AGCThread
                0x000027ac      0x1c8 ./source/agc.o
                0x000027ac                AGCThread
 .text.SwOverallCookingTimer
                0x00002974       0x1c ./source/algo.o
                0x00002974                SwOverallCookingTimer
 .text.InitializeAlgoFunctions
                0x00002990       0x5c ./source/algo.o
                0x00002990                InitializeAlgoFunctions
 .text.CreateAlgoTimers
                0x000029ec       0x80 ./source/algo.o
                0x000029ec                CreateAlgoTimers
 .text.CreateAlgoCycleTimer
                0x00002a6c       0x44 ./source/algo.o
                0x00002a6c                CreateAlgoCycleTimer
 .text.CreateOverallCookingTimer
                0x00002ab0       0x44 ./source/algo.o
                0x00002ab0                CreateOverallCookingTimer
 .text.DestroyOverallCookingTimer
                0x00002af4       0x30 ./source/algo.o
                0x00002af4                DestroyOverallCookingTimer
 .text.DestroyAlgoTimers
                0x00002b24       0x58 ./source/algo.o
                0x00002b24                DestroyAlgoTimers
 .text.CheckPause
                0x00002b7c       0x44 ./source/algo.o
                0x00002b7c                CheckPause
 .text.AlgoDispose
                0x00002bc0       0x50 ./source/algo.o
                0x00002bc0                AlgoDispose
 .text.amp_SetOutputPower
                0x00002c10       0x14 ./source/amp.o
                0x00002c10                amp_SetOutputPower
 .text.amp_SetRFOff
                0x00002c24        0xc ./source/amp.o
                0x00002c24                amp_SetRFOff
 .text.amp_SetFrequency
                0x00002c30       0x14 ./source/amp.o
                0x00002c30                amp_SetFrequency
 .text.amp_getForwardPower
                0x00002c44       0x54 ./source/amp.o
                0x00002c44                amp_getForwardPower
 .text.amp_getReflectedPower
                0x00002c98       0x24 ./source/amp.o
                0x00002c98                amp_getReflectedPower
 *fill*         0x00002cbc        0x4 
 .text.GetDR    0x00002cc0      0x228 ./source/calcdr.o
                0x00002cc0                GetDR
 .text.calreader_GetCode
                0x00002ee8       0x1c ./source/calreader.o
                0x00002ee8                calreader_GetCode
 *fill*         0x00002f04        0x4 
 .text.calreader_Init
                0x00002f08      0x1d0 ./source/calreader.o
                0x00002f08                calreader_Init
 .text.InitializeSystem
                0x000030d8       0xe8 ./source/diag.o
                0x000030d8                InitializeSystem
 .text.setFrequency
                0x000031c0       0x1c ./source/diag.o
                0x000031c0                setFrequency
 .text.setMagnitude
                0x000031dc       0x18 ./source/diag.o
                0x000031dc                setMagnitude
 .text.readADC  0x000031f4       0x44 ./source/diag.o
                0x000031f4                readADC
 .text.WriteI2COutputData
                0x00003238       0x88 ./source/diag.o
                0x00003238                WriteI2COutputData
 .text.ClearAlgos
                0x000032c0       0x30 ./source/diag.o
                0x000032c0                ClearAlgos
 .text.AddAlgo  0x000032f0       0x28 ./source/diag.o
                0x000032f0                AddAlgo
 .text.AppendAlgo
                0x00003318       0x40 ./source/diag.o
                0x00003318                AppendAlgo
 .text.StartCooking
                0x00003358       0x98 ./source/diag.o
                0x00003358                StartCooking
 .text.StopCooking
                0x000033f0       0x18 ./source/diag.o
                0x000033f0                StopCooking
 .text._StopCooking
                0x00003408       0x4c ./source/diag.o
                0x00003408                _StopCooking
 .text.PauseCooking
                0x00003454       0x34 ./source/diag.o
                0x00003454                PauseCooking
 .text.WriteFlashCalAbLinear
                0x00003488       0x18 ./source/diag.o
                0x00003488                WriteFlashCalAbLinear
 .text.ReadFlashCalAbLinear
                0x000034a0       0x18 ./source/diag.o
                0x000034a0                ReadFlashCalAbLinear
 .text.ReadFlashDishes
                0x000034b8       0x20 ./source/diag.o
                0x000034b8                ReadFlashDishes
 .text.WriteFlashTopazInfo
                0x000034d8       0x1c ./source/diag.o
                0x000034d8                WriteFlashTopazInfo
 .text.ReadFlashTopazInfo
                0x000034f4      0x140 ./source/diag.o
                0x000034f4                ReadFlashTopazInfo
 .text.ReadStatus
                0x00003634       0x38 ./source/diag.o
                0x00003634                ReadStatus
 .text.SetInternalClockForDisplay
                0x0000366c       0x24 ./source/diag.o
                0x0000366c                SetInternalClockForDisplay
 .text.ReadFlashChunk
                0x00003690       0xe4 ./source/diag.o
                0x00003690                ReadFlashChunk
 .text.WriteFlashChunk
                0x00003774       0xc8 ./source/diag.o
                0x00003774                WriteFlashChunk
 .text.KeepAlive
                0x0000383c       0x3c ./source/diag.o
                0x0000383c                KeepAlive
 .text.UserGetDR
                0x00003878      0x134 ./source/diag.o
                0x00003878                UserGetDR
 .text.GetCookingData
                0x000039ac       0x44 ./source/diag.o
                0x000039ac                GetCookingData
 .text.DRThresholdAlgo
                0x000039f0      0x8f0 ./source/dr_threshold_algo.o
                0x000039f0                DRThresholdAlgo
 .text.SwAlgoTimerCallback
                0x000042e0       0x3c ./source/equal_energy_algo.o
                0x000042e0                SwAlgoTimerCallback
 .text.SwDrCycleTimerCallback
                0x0000431c       0x3c ./source/equal_energy_algo.o
                0x0000431c                SwDrCycleTimerCallback
 .text.EqualEnergyAlgo
                0x00004358      0x9e0 ./source/equal_energy_algo.o
                0x00004358                EqualEnergyAlgo
 .text.flash_init
                0x00004d38      0x19c ./source/flash.o
                0x00004d38                flash_init
 .text.getDestAddress
                0x00004ed4       0x38 ./source/flash.o
                0x00004ed4                getDestAddress
 .text.EraseSection
                0x00004f0c       0x94 ./source/flash.o
                0x00004f0c                EraseSection
 .text.Write8BytesToSection
                0x00004fa0       0x94 ./source/flash.o
                0x00004fa0                Write8BytesToSection
 .text.WriteSerialAndPartNumber
                0x00005034      0x2d0 ./source/flash.o
                0x00005034                WriteSerialAndPartNumber
 .text.NVIC_SetPriority
                0x00005304       0x54 ./source/freertos_i2c.o
 .text.i2c_slave_callback
                0x00005358       0x4c ./source/freertos_i2c.o
                0x00005358                i2c_slave_callback
 .text.main     0x000053a4      0x148 ./source/freertos_i2c.o
                0x000053a4                main
 .text.main_task
                0x000054ec      0x114 ./source/freertos_i2c.o
 .text.kjmonitor_task
                0x00005600       0x28 ./source/freertos_i2c.o
 .text.sendResponse
                0x00005628       0x30 ./source/freertos_i2c.o
                0x00005628                sendResponse
 .text.isOutFifoFull
                0x00005658       0x1c ./source/freertos_i2c.o
                0x00005658                isOutFifoFull
 .text.halt     0x00005674       0x18 ./source/freertos_i2c.o
                0x00005674                halt
 .text.GetInFifoSize
                0x0000568c       0x4c ./source/freertos_i2c.o
                0x0000568c                GetInFifoSize
 .text.MsgHandler
                0x000056d8      0x138 ./source/freertos_i2c.o
                0x000056d8                MsgHandler
 .text.RFOff    0x00005810       0xc8 ./source/rfoff.o
                0x00005810                RFOff
 .text.RTOS_Tick_TickStart
                0x000058d8       0x14 ./source/rtostimertick.o
                0x000058d8                RTOS_Tick_TickStart
 .text.RTOS_Tick_IsElapsedTime
                0x000058ec       0x58 ./source/rtostimertick.o
                0x000058ec                RTOS_Tick_IsElapsedTime
 .text.RTOS_Tick_GetStopDiff
                0x00005944       0x34 ./source/rtostimertick.o
                0x00005944                RTOS_Tick_GetStopDiff
 .text.bubbleSort
                0x00005978      0x178 ./source/sortalgo.o
                0x00005978                bubbleSort
 .text.NVIC_EnableIRQ
                0x00005af0       0x30 ./source/timer.o
 .text.EnableIRQ
                0x00005b20       0x1c ./source/timer.o
 .text.LPTMR_EnableInterrupts
                0x00005b3c       0x20 ./source/timer.o
 .text.LPTMR_ClearStatusFlags
                0x00005b5c       0x20 ./source/timer.o
 .text.LPTMR_SetTimerPeriod
                0x00005b7c       0x1c ./source/timer.o
 .text.LPTMR_StartTimer
                0x00005b98       0x20 ./source/timer.o
 .text.LPTMR_StopTimer
                0x00005bb8       0x20 ./source/timer.o
 .text.LPTMR0_IRQHandler
                0x00005bd8       0xd8 ./source/timer.o
                0x00005bd8                LPTMR0_IRQHandler
 .text.configTimer
                0x00005cb0       0x90 ./source/timer.o
                0x00005cb0                configTimer
 .text.timer_start
                0x00005d40       0x24 ./source/timer.o
                0x00005d40                timer_start
 .text.timer_stop
                0x00005d64       0x24 ./source/timer.o
                0x00005d64                timer_stop
 .text.TopPercentageAlgo
                0x00005d88      0x6d0 ./source/top_percentage_algo.o
                0x00005d88                TopPercentageAlgo
 .text.pxPortInitialiseStack
                0x00006458       0x64 ./freertos/portable/port.o
                0x00006458                pxPortInitialiseStack
 .text.prvTaskExitError
                0x000064bc       0x3c ./freertos/portable/port.o
 .text.SVC_Handler
                0x000064f8       0x20 ./freertos/portable/port.o
                0x000064f8                SVC_Handler
 .text.prvPortStartFirstTask
                0x00006518       0x20 ./freertos/portable/port.o
 .text.xPortStartScheduler
                0x00006538      0x118 ./freertos/portable/port.o
                0x00006538                xPortStartScheduler
 .text.vPortEnterCritical
                0x00006650       0x5c ./freertos/portable/port.o
                0x00006650                vPortEnterCritical
 .text.vPortExitCritical
                0x000066ac       0x4c ./freertos/portable/port.o
                0x000066ac                vPortExitCritical
 .text.PendSV_Handler
                0x000066f8       0x60 ./freertos/portable/port.o
                0x000066f8                PendSV_Handler
 .text.SysTick_Handler
                0x00006758       0x44 ./freertos/portable/port.o
                0x00006758                SysTick_Handler
 .text.vPortSetupTimerInterrupt
                0x0000679c       0x24 ./freertos/portable/port.o
                0x0000679c                vPortSetupTimerInterrupt
 .text.vPortEnableVFP
                0x000067c0       0x14 ./freertos/portable/port.o
 .text.vPortValidateInterruptPriority
                0x000067d4       0x78 ./freertos/portable/port.o
                0x000067d4                vPortValidateInterruptPriority
 .text.pvPortMalloc
                0x0000684c      0x184 ./freertos/heap_4.o
                0x0000684c                pvPortMalloc
 .text.vPortFree
                0x000069d0       0xb0 ./freertos/heap_4.o
                0x000069d0                vPortFree
 .text.prvHeapInit
                0x00006a80       0xc4 ./freertos/heap_4.o
 .text.prvInsertBlockIntoFreeList
                0x00006b44       0xb0 ./freertos/heap_4.o
 .text.vListInitialise
                0x00006bf4       0x40 ./freertos/list.o
                0x00006bf4                vListInitialise
 .text.vListInitialiseItem
                0x00006c34       0x18 ./freertos/list.o
                0x00006c34                vListInitialiseItem
 .text.vListInsertEnd
                0x00006c4c       0x48 ./freertos/list.o
                0x00006c4c                vListInsertEnd
 .text.vListInsert
                0x00006c94       0x70 ./freertos/list.o
                0x00006c94                vListInsert
 .text.uxListRemove
                0x00006d04       0x54 ./freertos/list.o
                0x00006d04                uxListRemove
 .text.xQueueGenericReset
                0x00006d58       0xd0 ./freertos/queue.o
                0x00006d58                xQueueGenericReset
 .text.xQueueGenericCreate
                0x00006e28       0xb4 ./freertos/queue.o
                0x00006e28                xQueueGenericCreate
 .text.xQueueGenericSend
                0x00006edc      0x1ec ./freertos/queue.o
                0x00006edc                xQueueGenericSend
 .text.xQueueGenericSendFromISR
                0x000070c8      0x118 ./freertos/queue.o
                0x000070c8                xQueueGenericSendFromISR
 .text.xQueueGenericReceive
                0x000071e0      0x20c ./freertos/queue.o
                0x000071e0                xQueueGenericReceive
 .text.prvCopyDataToQueue
                0x000073ec       0xdc ./freertos/queue.o
 .text.prvCopyDataFromQueue
                0x000074c8       0x4c ./freertos/queue.o
 .text.prvUnlockQueue
                0x00007514       0x98 ./freertos/queue.o
 .text.prvIsQueueEmpty
                0x000075ac       0x2c ./freertos/queue.o
 .text.prvIsQueueFull
                0x000075d8       0x30 ./freertos/queue.o
 .text.vQueueAddToRegistry
                0x00007608       0x50 ./freertos/queue.o
                0x00007608                vQueueAddToRegistry
 .text.vQueueWaitForMessageRestricted
                0x00007658       0x5c ./freertos/queue.o
                0x00007658                vQueueWaitForMessageRestricted
 .text.xTaskGenericCreate
                0x000076b4      0x1a0 ./freertos/tasks.o
                0x000076b4                xTaskGenericCreate
 .text.vTaskDelay
                0x00007854       0xa4 ./freertos/tasks.o
                0x00007854                vTaskDelay
 .text.vTaskSuspend
                0x000078f8      0x110 ./freertos/tasks.o
                0x000078f8                vTaskSuspend
 .text.vTaskStartScheduler
                0x00007a08       0x98 ./freertos/tasks.o
                0x00007a08                vTaskStartScheduler
 .text.vTaskSuspendAll
                0x00007aa0       0x1c ./freertos/tasks.o
                0x00007aa0                vTaskSuspendAll
 .text.xTaskResumeAll
                0x00007abc      0x128 ./freertos/tasks.o
                0x00007abc                xTaskResumeAll
 .text.xTaskGetTickCount
                0x00007be4       0x20 ./freertos/tasks.o
                0x00007be4                xTaskGetTickCount
 .text.xTaskIncrementTick
                0x00007c04      0x15c ./freertos/tasks.o
                0x00007c04                xTaskIncrementTick
 .text.vTaskSwitchContext
                0x00007d60       0xb4 ./freertos/tasks.o
                0x00007d60                vTaskSwitchContext
 .text.vTaskPlaceOnEventList
                0x00007e14       0x9c ./freertos/tasks.o
                0x00007e14                vTaskPlaceOnEventList
 .text.vTaskPlaceOnEventListRestricted
                0x00007eb0       0x9c ./freertos/tasks.o
                0x00007eb0                vTaskPlaceOnEventListRestricted
 .text.xTaskRemoveFromEventList
                0x00007f4c       0xc4 ./freertos/tasks.o
                0x00007f4c                xTaskRemoveFromEventList
 .text.vTaskSetTimeOutState
                0x00008010       0x44 ./freertos/tasks.o
                0x00008010                vTaskSetTimeOutState
 .text.xTaskCheckForTimeOut
                0x00008054       0xbc ./freertos/tasks.o
                0x00008054                xTaskCheckForTimeOut
 .text.vTaskMissedYield
                0x00008110       0x18 ./freertos/tasks.o
                0x00008110                vTaskMissedYield
 .text.prvIdleTask
                0x00008128       0x30 ./freertos/tasks.o
 .text.prvInitialiseTCBVariables
                0x00008158       0xa4 ./freertos/tasks.o
 .text.prvInitialiseTaskLists
                0x000081fc       0x7c ./freertos/tasks.o
 .text.prvCheckTasksWaitingTermination
                0x00008278       0x74 ./freertos/tasks.o
 .text.prvAddCurrentTaskToDelayedList
                0x000082ec       0x6c ./freertos/tasks.o
 .text.prvAllocateTCBAndStack
                0x00008358       0x70 ./freertos/tasks.o
 .text.prvDeleteTCB
                0x000083c8       0x20 ./freertos/tasks.o
 .text.prvResetNextTaskUnblockTime
                0x000083e8       0x48 ./freertos/tasks.o
 .text.xTaskGetSchedulerState
                0x00008430       0x3c ./freertos/tasks.o
                0x00008430                xTaskGetSchedulerState
 .text.vTaskPriorityInherit
                0x0000846c       0xec ./freertos/tasks.o
                0x0000846c                vTaskPriorityInherit
 .text.xTaskPriorityDisinherit
                0x00008558      0x108 ./freertos/tasks.o
                0x00008558                xTaskPriorityDisinherit
 .text.pvTaskIncrementMutexHeldCount
                0x00008660       0x28 ./freertos/tasks.o
                0x00008660                pvTaskIncrementMutexHeldCount
 .text.xTimerCreateTimerTask
                0x00008688       0x64 ./freertos/timers.o
                0x00008688                xTimerCreateTimerTask
 .text.xTimerCreate
                0x000086ec       0x78 ./freertos/timers.o
                0x000086ec                xTimerCreate
 .text.xTimerGenericCommand
                0x00008764       0xa4 ./freertos/timers.o
                0x00008764                xTimerGenericCommand
 .text.prvProcessExpiredTimer
                0x00008808       0x80 ./freertos/timers.o
 .text.prvTimerTask
                0x00008888       0x24 ./freertos/timers.o
 .text.prvProcessTimerOrBlockTask
                0x000088ac       0x9c ./freertos/timers.o
 .text.prvGetNextExpireTime
                0x00008948       0x48 ./freertos/timers.o
 .text.prvSampleTimeNow
                0x00008990       0x40 ./freertos/timers.o
 .text.prvInsertTimerInActiveList
                0x000089d0       0x84 ./freertos/timers.o
 .text.prvProcessReceivedCommands
                0x00008a54      0x12c ./freertos/timers.o
 .text.prvSwitchTimerLists
                0x00008b80       0xc0 ./freertos/timers.o
 .text.prvCheckForValidListAndQueue
                0x00008c40       0x8c ./freertos/timers.o
 .text.CLOCK_EnableClock
                0x00008ccc       0x34 ./drivers/fsl_adc16.o
 .text.ADC16_GetInstance
                0x00008d00       0x58 ./drivers/fsl_adc16.o
 .text.ADC16_Init
                0x00008d58      0x118 ./drivers/fsl_adc16.o
                0x00008d58                ADC16_Init
 .text.ADC16_GetDefaultConfig
                0x00008e70       0x64 ./drivers/fsl_adc16.o
                0x00008e70                ADC16_GetDefaultConfig
 .text.ADC16_DoAutoCalibration
                0x00008ed4      0x104 ./drivers/fsl_adc16.o
                0x00008ed4                ADC16_DoAutoCalibration
 .text.ADC16_GetStatusFlags
                0x00008fd8       0x44 ./drivers/fsl_adc16.o
                0x00008fd8                ADC16_GetStatusFlags
 .text.ADC16_SetChannelConfig
                0x0000901c       0x80 ./drivers/fsl_adc16.o
                0x0000901c                ADC16_SetChannelConfig
 .text.ADC16_GetChannelStatusFlags
                0x0000909c       0x50 ./drivers/fsl_adc16.o
                0x0000909c                ADC16_GetChannelStatusFlags
 .text.CLOCK_SetEr32kClock
                0x000090ec       0x2c ./drivers/fsl_clock.o
 .text.CLOCK_SetPllFllSelClock
                0x00009118       0x38 ./drivers/fsl_clock.o
 .text.OSC_SetExtRefClkConfig
                0x00009150       0x34 ./drivers/fsl_clock.o
 .text.OSC_SetCapLoad
                0x00009184       0x34 ./drivers/fsl_clock.o
 .text.CLOCK_GetMcgExtClkFreq
                0x000091b8       0x8c ./drivers/fsl_clock.o
 .text.CLOCK_GetFllExtRefClkFreq
                0x00009244       0xc8 ./drivers/fsl_clock.o
 .text.CLOCK_GetInternalRefClkSelectFreq
                0x0000930c       0x44 ./drivers/fsl_clock.o
 .text.CLOCK_GetFllRefClkFreq
                0x00009350       0x2c ./drivers/fsl_clock.o
 .text.CLOCK_GetPll0RefFreq
                0x0000937c       0x10 ./drivers/fsl_clock.o
 .text.CLOCK_GetOscRangeFromFreq
                0x0000938c       0x3c ./drivers/fsl_clock.o
 .text.CLOCK_GetOsc0ErClkFreq
                0x000093c8       0x48 ./drivers/fsl_clock.o
                0x000093c8                CLOCK_GetOsc0ErClkFreq
 .text.CLOCK_GetEr32kClkFreq
                0x00009410       0x80 ./drivers/fsl_clock.o
                0x00009410                CLOCK_GetEr32kClkFreq
 .text.CLOCK_GetPllFllSelClkFreq
                0x00009490       0x54 ./drivers/fsl_clock.o
                0x00009490                CLOCK_GetPllFllSelClkFreq
 .text.CLOCK_GetCoreSysClkFreq
                0x000094e4       0x24 ./drivers/fsl_clock.o
                0x000094e4                CLOCK_GetCoreSysClkFreq
 .text.CLOCK_GetFreq
                0x00009508      0x144 ./drivers/fsl_clock.o
                0x00009508                CLOCK_GetFreq
 .text.CLOCK_SetSimConfig
                0x0000964c       0x34 ./drivers/fsl_clock.o
                0x0000964c                CLOCK_SetSimConfig
 .text.CLOCK_GetOutClkFreq
                0x00009680       0x64 ./drivers/fsl_clock.o
                0x00009680                CLOCK_GetOutClkFreq
 .text.CLOCK_GetFllFreq
                0x000096e4       0x74 ./drivers/fsl_clock.o
                0x000096e4                CLOCK_GetFllFreq
 .text.CLOCK_GetInternalRefClkFreq
                0x00009758       0x24 ./drivers/fsl_clock.o
                0x00009758                CLOCK_GetInternalRefClkFreq
 .text.CLOCK_GetFixedFreqClkFreq
                0x0000977c       0x30 ./drivers/fsl_clock.o
                0x0000977c                CLOCK_GetFixedFreqClkFreq
 .text.CLOCK_GetPll0Freq
                0x000097ac       0x58 ./drivers/fsl_clock.o
                0x000097ac                CLOCK_GetPll0Freq
 .text.CLOCK_SetExternalRefClkConfig
                0x00009804       0x90 ./drivers/fsl_clock.o
                0x00009804                CLOCK_SetExternalRefClkConfig
 .text.CLOCK_SetInternalRefClkConfig
                0x00009894      0x104 ./drivers/fsl_clock.o
                0x00009894                CLOCK_SetInternalRefClkConfig
 .text.CLOCK_EnablePll0
                0x00009998       0x94 ./drivers/fsl_clock.o
                0x00009998                CLOCK_EnablePll0
 .text.CLOCK_InitOsc0
                0x00009a2c       0x8c ./drivers/fsl_clock.o
                0x00009a2c                CLOCK_InitOsc0
 .text.CLOCK_SetPbeMode
                0x00009ab8       0x98 ./drivers/fsl_clock.o
                0x00009ab8                CLOCK_SetPbeMode
 .text.CLOCK_BootToPeeMode
                0x00009b50       0x74 ./drivers/fsl_clock.o
                0x00009b50                CLOCK_BootToPeeMode
 .text.__assert_func
                0x00009bc4       0x28 ./drivers/fsl_common.o
                0x00009bc4                __assert_func
 .text.DSPI_IsMaster
                0x00009bec       0x1c ./drivers/fsl_dspi.o
 .text.DSPI_CommonIRQHandler
                0x00009c08       0x3c ./drivers/fsl_dspi.o
 .text.SPI0_DriverIRQHandler
                0x00009c44       0x3c ./drivers/fsl_dspi.o
                0x00009c44                SPI0_DriverIRQHandler
 .text.SPI1_DriverIRQHandler
                0x00009c80       0x3c ./drivers/fsl_dspi.o
                0x00009c80                SPI1_DriverIRQHandler
 .text.SPI2_DriverIRQHandler
                0x00009cbc       0x3c ./drivers/fsl_dspi.o
                0x00009cbc                SPI2_DriverIRQHandler
 .text.FLASH_Init
                0x00009cf8       0xc4 ./drivers/fsl_flash.o
                0x00009cf8                FLASH_Init
 .text.FLASH_PrepareExecuteInRamFunctions
                0x00009dbc       0x3c ./drivers/fsl_flash.o
                0x00009dbc                FLASH_PrepareExecuteInRamFunctions
 .text.FLASH_Erase
                0x00009df8       0xd8 ./drivers/fsl_flash.o
                0x00009df8                FLASH_Erase
 .text.FLASH_Program
                0x00009ed0       0xd4 ./drivers/fsl_flash.o
                0x00009ed0                FLASH_Program
 .text.FLASH_GetSecurityState
                0x00009fa4       0x5c ./drivers/fsl_flash.o
                0x00009fa4                FLASH_GetSecurityState
 .text.FLASH_VerifyErase
                0x0000a000       0xf0 ./drivers/fsl_flash.o
                0x0000a000                FLASH_VerifyErase
 .text.FLASH_VerifyProgram
                0x0000a0f0       0xc8 ./drivers/fsl_flash.o
                0x0000a0f0                FLASH_VerifyProgram
 .text.FLASH_GetProperty
                0x0000a1b8       0xb0 ./drivers/fsl_flash.o
                0x0000a1b8                FLASH_GetProperty
 .text.flash_run_command
                0x0000a268       0x28 ./drivers/fsl_flash.o
                0x0000a268                flash_run_command
 .text.flash_run_command_end
                0x0000a290        0xc ./drivers/fsl_flash.o
                0x0000a290                flash_run_command_end
 .text.copy_flash_run_command
                0x0000a29c       0x80 ./drivers/fsl_flash.o
 .text.flash_command_sequence
                0x0000a31c       0x6c ./drivers/fsl_flash.o
 .text.flash_cache_clear_command
                0x0000a388       0x28 ./drivers/fsl_flash.o
                0x0000a388                flash_cache_clear_command
 .text.flash_cache_clear_command_end
                0x0000a3b0        0xc ./drivers/fsl_flash.o
                0x0000a3b0                flash_cache_clear_command_end
 .text.copy_flash_cache_clear_command
                0x0000a3bc       0x80 ./drivers/fsl_flash.o
 .text.flash_cache_clear
                0x0000a43c       0x30 ./drivers/fsl_flash.o
                0x0000a43c                flash_cache_clear
 .text.flash_check_execute_in_ram_function_info
                0x0000a46c       0x3c ./drivers/fsl_flash.o
 .text.flash_check_range
                0x0000a4a8       0x64 ./drivers/fsl_flash.o
 .text.flash_get_matched_operation_info
                0x0000a50c       0x68 ./drivers/fsl_flash.o
 .text.flash_check_user_key
                0x0000a574       0x28 ./drivers/fsl_flash.o
 .text.GPIO_WritePinOutput
                0x0000a59c       0x3c ./drivers/fsl_gpio.o
 .text.GPIO_PinInit
                0x0000a5d8       0x70 ./drivers/fsl_gpio.o
                0x0000a5d8                GPIO_PinInit
 .text.NVIC_EnableIRQ
                0x0000a648       0x30 ./drivers/fsl_i2c.o
 .text.CLOCK_EnableClock
                0x0000a678       0x34 ./drivers/fsl_i2c.o
 .text.EnableIRQ
                0x0000a6ac       0x1c ./drivers/fsl_i2c.o
 .text.I2C_SlaveGetStatusFlags
                0x0000a6c8       0x18 ./drivers/fsl_i2c.o
 .text.I2C_MasterClearStatusFlags
                0x0000a6e0       0x58 ./drivers/fsl_i2c.o
 .text.I2C_SlaveClearStatusFlags
                0x0000a738       0x18 ./drivers/fsl_i2c.o
 .text.GetOutFifoSize
                0x0000a750       0x4c ./drivers/fsl_i2c.o
                0x0000a750                GetOutFifoSize
 .text.I2C_GetInstance
                0x0000a79c       0x58 ./drivers/fsl_i2c.o
                0x0000a79c                I2C_GetInstance
 .text.I2C_TransferCommonIRQHandler
                0x0000a7f4       0x4c ./drivers/fsl_i2c.o
 .text.I2C_EnableInterrupts
                0x0000a840       0x48 ./drivers/fsl_i2c.o
                0x0000a840                I2C_EnableInterrupts
 .text.I2C_DisableInterrupts
                0x0000a888       0x48 ./drivers/fsl_i2c.o
                0x0000a888                I2C_DisableInterrupts
 .text.I2C_MasterGetStatusFlags
                0x0000a8d0       0x4c ./drivers/fsl_i2c.o
                0x0000a8d0                I2C_MasterGetStatusFlags
 .text.I2C_SlaveInit
                0x0000a91c      0x134 ./drivers/fsl_i2c.o
                0x0000a91c                I2C_SlaveInit
 .text.I2C_SlaveGetDefaultConfig
                0x0000aa50       0x54 ./drivers/fsl_i2c.o
                0x0000aa50                I2C_SlaveGetDefaultConfig
 .text.I2C_SlaveTransferCreateHandle
                0x0000aaa4       0x84 ./drivers/fsl_i2c.o
                0x0000aaa4                I2C_SlaveTransferCreateHandle
 .text.I2C_SlaveTransferNonBlocking
                0x0000ab28       0x7c ./drivers/fsl_i2c.o
                0x0000ab28                I2C_SlaveTransferNonBlocking
 .text.I2C_SlaveTransferHandleIRQ
                0x0000aba4      0x330 ./drivers/fsl_i2c.o
                0x0000aba4                I2C_SlaveTransferHandleIRQ
 .text.I2C0_DriverIRQHandler
                0x0000aed4       0x1c ./drivers/fsl_i2c.o
                0x0000aed4                I2C0_DriverIRQHandler
 .text.I2C1_DriverIRQHandler
                0x0000aef0       0x1c ./drivers/fsl_i2c.o
                0x0000aef0                I2C1_DriverIRQHandler
 .text.I2C2_DriverIRQHandler
                0x0000af0c       0x1c ./drivers/fsl_i2c.o
                0x0000af0c                I2C2_DriverIRQHandler
 .text.CLOCK_EnableClock
                0x0000af28       0x34 ./drivers/fsl_lptmr.o
 .text.LPTMR_GetInstance
                0x0000af5c       0x50 ./drivers/fsl_lptmr.o
 .text.LPTMR_Init
                0x0000afac       0x98 ./drivers/fsl_lptmr.o
                0x0000afac                LPTMR_Init
 .text.LPTMR_GetDefaultConfig
                0x0000b044       0x58 ./drivers/fsl_lptmr.o
                0x0000b044                LPTMR_GetDefaultConfig
 .text.CLOCK_EnableClock
                0x0000b09c       0x34 ./drivers/fsl_uart.o
 .text.UART_GetInstance
                0x0000b0d0       0x60 ./drivers/fsl_uart.o
                0x0000b0d0                UART_GetInstance
 .text.UART_Init
                0x0000b130      0x250 ./drivers/fsl_uart.o
                0x0000b130                UART_Init
 .text.UART_GetDefaultConfig
                0x0000b380       0x5c ./drivers/fsl_uart.o
                0x0000b380                UART_GetDefaultConfig
 .text.UART_GetStatusFlags
                0x0000b3dc       0x48 ./drivers/fsl_uart.o
                0x0000b3dc                UART_GetStatusFlags
 .text.UART_WriteBlocking
                0x0000b424       0x40 ./drivers/fsl_uart.o
                0x0000b424                UART_WriteBlocking
 .text.UART_ReadBlocking
                0x0000b464       0x84 ./drivers/fsl_uart.o
                0x0000b464                UART_ReadBlocking
 .text.UART0_DriverIRQHandler
                0x0000b4e8       0x20 ./drivers/fsl_uart.o
                0x0000b4e8                UART0_DriverIRQHandler
 .text.UART0_RX_TX_DriverIRQHandler
                0x0000b508        0xc ./drivers/fsl_uart.o
                0x0000b508                UART0_RX_TX_DriverIRQHandler
 .text.UART1_DriverIRQHandler
                0x0000b514       0x20 ./drivers/fsl_uart.o
                0x0000b514                UART1_DriverIRQHandler
 .text.UART1_RX_TX_DriverIRQHandler
                0x0000b534        0xc ./drivers/fsl_uart.o
                0x0000b534                UART1_RX_TX_DriverIRQHandler
 .text.UART2_DriverIRQHandler
                0x0000b540       0x20 ./drivers/fsl_uart.o
                0x0000b540                UART2_DriverIRQHandler
 .text.UART2_RX_TX_DriverIRQHandler
                0x0000b560        0xc ./drivers/fsl_uart.o
                0x0000b560                UART2_RX_TX_DriverIRQHandler
 .text.UART3_DriverIRQHandler
                0x0000b56c       0x20 ./drivers/fsl_uart.o
                0x0000b56c                UART3_DriverIRQHandler
 .text.UART3_RX_TX_DriverIRQHandler
                0x0000b58c        0xc ./drivers/fsl_uart.o
                0x0000b58c                UART3_RX_TX_DriverIRQHandler
 .text.UART4_DriverIRQHandler
                0x0000b598       0x20 ./drivers/fsl_uart.o
                0x0000b598                UART4_DriverIRQHandler
 .text.UART4_RX_TX_DriverIRQHandler
                0x0000b5b8        0xc ./drivers/fsl_uart.o
                0x0000b5b8                UART4_RX_TX_DriverIRQHandler
 .text.UART5_DriverIRQHandler
                0x0000b5c4       0x20 ./drivers/fsl_uart.o
                0x0000b5c4                UART5_DriverIRQHandler
 .text.UART5_RX_TX_DriverIRQHandler
                0x0000b5e4        0xc ./drivers/fsl_uart.o
                0x0000b5e4                UART5_RX_TX_DriverIRQHandler
 .text.DisableGlobalIRQ
                0x0000b5f0       0x20 ./drivers/fsl_wdog.o
 .text.EnableGlobalIRQ
                0x0000b610       0x1c ./drivers/fsl_wdog.o
 .text.WDOG_Refresh
                0x0000b62c       0x30 ./drivers/fsl_wdog.o
                0x0000b62c                WDOG_Refresh
 .text.BOARD_InitDebugConsole
                0x0000b65c       0x24 ./board/board.o
                0x0000b65c                BOARD_InitDebugConsole
 .text.CLOCK_SetXtal0Freq
                0x0000b680       0x1c ./board/clock_config.o
 .text.CLOCK_SetSimSafeDivs
                0x0000b69c       0x20 ./board/clock_config.o
 .text.BOARD_BootClockRUN
                0x0000b6bc       0x58 ./board/clock_config.o
                0x0000b6bc                BOARD_BootClockRUN
 .text.CLOCK_EnableClock
                0x0000b714       0x34 ./board/pin_mux.o
 .text.PORT_SetPinConfig
                0x0000b748       0x44 ./board/pin_mux.o
 .text.PORT_SetPinMux
                0x0000b78c       0x38 ./board/pin_mux.o
 .text.BOARD_InitPins
                0x0000b7c4       0xb8 ./board/pin_mux.o
                0x0000b7c4                BOARD_InitPins
 .text.modf     0x0000b87c       0xa4 c:/freescale/kds_v3/toolchain/bin/../lib/gcc/arm-none-eabi/4.8.4/../../../../arm-none-eabi/lib/armv7e-m/fpu\libm.a(lib_a-s_modf.o)
                0x0000b87c                modf
 .text.log10    0x0000b920       0xf8 c:/freescale/kds_v3/toolchain/bin/../lib/gcc/arm-none-eabi/4.8.4/../../../../arm-none-eabi/lib/armv7e-m/fpu\libm.a(lib_a-w_log10.o)
                0x0000b920                log10
 .text.pow      0x0000ba18      0x340 c:/freescale/kds_v3/toolchain/bin/../lib/gcc/arm-none-eabi/4.8.4/../../../../arm-none-eabi/lib/armv7e-m/fpu\libm.a(lib_a-w_pow.o)
                0x0000ba18                pow
 .text.__ieee754_log10
                0x0000bd58      0x130 c:/freescale/kds_v3/toolchain/bin/../lib/gcc/arm-none-eabi/4.8.4/../../../../arm-none-eabi/lib/armv7e-m/fpu\libm.a(lib_a-e_log10.o)
                0x0000bd58                __ieee754_log10
 .text.__ieee754_pow
                0x0000be88      0xae8 c:/freescale/kds_v3/toolchain/bin/../lib/gcc/arm-none-eabi/4.8.4/../../../../arm-none-eabi/lib/armv7e-m/fpu\libm.a(lib_a-e_pow.o)
                0x0000be88                __ieee754_pow
 .text.__ieee754_sqrt
                0x0000c970      0x198 c:/freescale/kds_v3/toolchain/bin/../lib/gcc/arm-none-eabi/4.8.4/../../../../arm-none-eabi/lib/armv7e-m/fpu\libm.a(lib_a-e_sqrt.o)
                0x0000c970                __ieee754_sqrt
 .text.fabs     0x0000cb08       0x14 c:/freescale/kds_v3/toolchain/bin/../lib/gcc/arm-none-eabi/4.8.4/../../../../arm-none-eabi/lib/armv7e-m/fpu\libm.a(lib_a-s_fabs.o)
                0x0000cb08                fabs
 .text.finite   0x0000cb1c       0x10 c:/freescale/kds_v3/toolchain/bin/../lib/gcc/arm-none-eabi/4.8.4/../../../../arm-none-eabi/lib/armv7e-m/fpu\libm.a(lib_a-s_finite.o)
                0x0000cb1c                finite
 .text.__fpclassifyd
                0x0000cb2c       0x54 c:/freescale/kds_v3/toolchain/bin/../lib/gcc/arm-none-eabi/4.8.4/../../../../arm-none-eabi/lib/armv7e-m/fpu\libm.a(lib_a-s_fpclassify.o)
                0x0000cb2c                __fpclassifyd
 .text.matherr  0x0000cb80        0x4 c:/freescale/kds_v3/toolchain/bin/../lib/gcc/arm-none-eabi/4.8.4/../../../../arm-none-eabi/lib/armv7e-m/fpu\libm.a(lib_a-s_matherr.o)
                0x0000cb80                matherr
 *fill*         0x0000cb84        0x4 
 .text.nan      0x0000cb88       0x10 c:/freescale/kds_v3/toolchain/bin/../lib/gcc/arm-none-eabi/4.8.4/../../../../arm-none-eabi/lib/armv7e-m/fpu\libm.a(lib_a-s_nan.o)
                0x0000cb88                nan
 .text.rint     0x0000cb98      0x120 c:/freescale/kds_v3/toolchain/bin/../lib/gcc/arm-none-eabi/4.8.4/../../../../arm-none-eabi/lib/armv7e-m/fpu\libm.a(lib_a-s_rint.o)
                0x0000cb98                rint
 .text.scalbn   0x0000ccb8      0x120 c:/freescale/kds_v3/toolchain/bin/../lib/gcc/arm-none-eabi/4.8.4/../../../../arm-none-eabi/lib/armv7e-m/fpu\libm.a(lib_a-s_scalbn.o)
                0x0000ccb8                scalbn
 .text.__ieee754_log
                0x0000cdd8      0x428 c:/freescale/kds_v3/toolchain/bin/../lib/gcc/arm-none-eabi/4.8.4/../../../../arm-none-eabi/lib/armv7e-m/fpu\libm.a(lib_a-e_log.o)
                0x0000cdd8                __ieee754_log
 .text.copysign
                0x0000d200       0x24 c:/freescale/kds_v3/toolchain/bin/../lib/gcc/arm-none-eabi/4.8.4/../../../../arm-none-eabi/lib/armv7e-m/fpu\libm.a(lib_a-s_copysign.o)
                0x0000d200                copysign
 .text.__errno  0x0000d224        0xc c:/freescale/kds_v3/toolchain/bin/../lib/gcc/arm-none-eabi/4.8.4/../../../../arm-none-eabi/lib/armv7e-m/fpu\libg_s.a(lib_a-errno.o)
                0x0000d224                __errno
 .text.exit     0x0000d230       0x28 c:/freescale/kds_v3/toolchain/bin/../lib/gcc/arm-none-eabi/4.8.4/../../../../arm-none-eabi/lib/armv7e-m/fpu\libg_s.a(lib_a-exit.o)
                0x0000d230                exit
 .text.__libc_init_array
                0x0000d258       0x4c c:/freescale/kds_v3/toolchain/bin/../lib/gcc/arm-none-eabi/4.8.4/../../../../arm-none-eabi/lib/armv7e-m/fpu\libg_s.a(lib_a-init.o)
                0x0000d258                __libc_init_array
 .text.memcpy   0x0000d2a4       0x12 c:/freescale/kds_v3/toolchain/bin/../lib/gcc/arm-none-eabi/4.8.4/../../../../arm-none-eabi/lib/armv7e-m/fpu\libg_s.a(lib_a-memcpy-stub.o)
                0x0000d2a4                memcpy
 .text.memset   0x0000d2b6       0x10 c:/freescale/kds_v3/toolchain/bin/../lib/gcc/arm-none-eabi/4.8.4/../../../../arm-none-eabi/lib/armv7e-m/fpu\libg_s.a(lib_a-memset.o)
                0x0000d2b6                memset
 .text.strlen   0x0000d2c6       0x10 c:/freescale/kds_v3/toolchain/bin/../lib/gcc/arm-none-eabi/4.8.4/../../../../arm-none-eabi/lib/armv7e-m/fpu\libg_s.a(lib_a-strlen.o)
                0x0000d2c6                strlen
 *fill*         0x0000d2d6        0x2 
 .text._exit    0x0000d2d8        0x4 c:/freescale/kds_v3/toolchain/bin/../lib/gcc/arm-none-eabi/4.8.4/../../../../arm-none-eabi/lib/armv7e-m/fpu\libnosys.a(_exit.o)
                0x0000d2d8                _exit
 *(.rodata)
 .rodata        0x0000d2dc       0xc4 ./source/adc.o
 .rodata        0x0000d3a0       0x5c ./source/algo.o
 .rodata        0x0000d3fc       0x70 ./source/diag.o
 .rodata        0x0000d46c      0x17c ./source/dr_threshold_algo.o
 .rodata        0x0000d5e8       0x44 ./source/equal_energy_algo.o
 .rodata        0x0000d62c      0x480 ./source/flash.o
 .rodata        0x0000daac       0xd0 ./source/freertos_i2c.o
 .rodata        0x0000db7c        0xc ./source/rfoff.o
 .rodata        0x0000db88       0x14 ./source/timer.o
 .rodata        0x0000db9c       0x80 ./source/top_percentage_algo.o
 .rodata        0x0000dc1c       0x18 ./freertos/tasks.o
 .rodata        0x0000dc34       0x10 ./freertos/timers.o
 .rodata        0x0000dc44       0x98 ./drivers/fsl_adc16.o
 .rodata        0x0000dcdc       0x64 ./drivers/fsl_clock.o
 .rodata        0x0000dd40       0x40 ./drivers/fsl_common.o
 .rodata        0x0000dd80       0xc8 ./drivers/fsl_dspi.o
 .rodata        0x0000de48       0x74 ./drivers/fsl_flash.o
 .rodata        0x0000debc       0x70 ./drivers/fsl_gpio.o
 .rodata        0x0000df2c       0xf4 ./drivers/fsl_i2c.o
 .rodata        0x0000e020       0x70 ./drivers/fsl_lptmr.o
 .rodata        0x0000e090       0xec ./drivers/fsl_uart.o
 .rodata        0x0000e17c       0x40 ./board/pin_mux.o
 *(.rodata*)
 .rodata.__func__.6554
                0x0000e1bc       0x20 ./source/adc.o
 .rodata.s_adc16Bases
                0x0000e1dc        0x8 ./drivers/fsl_adc16.o
 .rodata.s_adc16Clocks
                0x0000e1e4        0x8 ./drivers/fsl_adc16.o
                0x0000e1e4                s_adc16Clocks
 .rodata.__func__.6433
                0x0000e1ec       0x14 ./drivers/fsl_adc16.o
 .rodata.__func__.6438
                0x0000e200        0xc ./drivers/fsl_adc16.o
 .rodata.__func__.6446
                0x0000e20c       0x18 ./drivers/fsl_adc16.o
 .rodata.__func__.6489
                0x0000e224       0x18 ./drivers/fsl_adc16.o
 .rodata.__func__.6495
                0x0000e23c       0x1c ./drivers/fsl_adc16.o
 .rodata.__func__.6325
                0x0000e258       0x18 ./drivers/fsl_clock.o
 .rodata.__func__.6370
                0x0000e270       0x18 ./drivers/fsl_clock.o
 .rodata.__func__.6378
                0x0000e288       0x18 ./drivers/fsl_clock.o
 .rodata.fllFactorTable.6453
                0x0000e2a0       0x10 ./drivers/fsl_clock.o
 .rodata.__func__.6515
                0x0000e2b0       0x14 ./drivers/fsl_clock.o
 .rodata.__func__.6711
                0x0000e2c4       0x14 ./drivers/fsl_clock.o
 .rodata.__func__.6977
                0x0000e2d8       0x18 ./drivers/fsl_dspi.o
 .rodata.__func__.6981
                0x0000e2f0       0x18 ./drivers/fsl_dspi.o
 .rodata.__func__.6985
                0x0000e308       0x18 ./drivers/fsl_dspi.o
 .rodata.kPFlashDensities
                0x0000e320       0x20 ./drivers/fsl_flash.o
                0x0000e320                kPFlashDensities
 .rodata.__func__.6834
                0x0000e340       0x18 ./drivers/fsl_flash.o
 .rodata.__func__.6853
                0x0000e358       0x20 ./drivers/fsl_flash.o
 .rodata.__func__.6349
                0x0000e378       0x10 ./drivers/fsl_gpio.o
 .rodata.s_i2cBases
                0x0000e388        0xc ./drivers/fsl_i2c.o
 .rodata.s_i2cIrqs
                0x0000e394        0x4 ./drivers/fsl_i2c.o
                0x0000e394                s_i2cIrqs
 .rodata.s_i2cClocks
                0x0000e398        0xc ./drivers/fsl_i2c.o
                0x0000e398                s_i2cClocks
 .rodata.__func__.6711
                0x0000e3a4       0x10 ./drivers/fsl_i2c.o
 .rodata.__func__.6911
                0x0000e3b4       0x10 ./drivers/fsl_i2c.o
 .rodata.__func__.6923
                0x0000e3c4       0x1c ./drivers/fsl_i2c.o
 .rodata.__func__.6949
                0x0000e3e0       0x20 ./drivers/fsl_i2c.o
 .rodata.__func__.6956
                0x0000e400       0x20 ./drivers/fsl_i2c.o
 .rodata.__func__.6972
                0x0000e420       0x1c ./drivers/fsl_i2c.o
 .rodata.__func__.6396
                0x0000e43c       0x14 ./drivers/fsl_lptmr.o
 .rodata.__func__.6401
                0x0000e450        0xc ./drivers/fsl_lptmr.o
 .rodata.__func__.6408
                0x0000e45c       0x18 ./drivers/fsl_lptmr.o
 .rodata.s_uartBases
                0x0000e474       0x18 ./drivers/fsl_uart.o
 .rodata.s_uartClock
                0x0000e48c       0x18 ./drivers/fsl_uart.o
 .rodata.__func__.6520
                0x0000e4a4       0x14 ./drivers/fsl_uart.o
 .rodata.__func__.6534
                0x0000e4b8        0xc ./drivers/fsl_uart.o
 .rodata.__func__.6550
                0x0000e4c4       0x18 ./drivers/fsl_uart.o
 .rodata.g_defaultClockConfigRun
                0x0000e4dc       0x20 ./board/clock_config.o
                0x0000e4dc                g_defaultClockConfigRun
 .rodata.__func__.6360
                0x0000e4fc       0x14 ./board/pin_mux.o
 .rodata.str1.4
                0x0000e510        0x9 c:/freescale/kds_v3/toolchain/bin/../lib/gcc/arm-none-eabi/4.8.4/../../../../arm-none-eabi/lib/armv7e-m/fpu\libm.a(lib_a-w_log10.o)
                                  0xc (size before relaxing)
 *fill*         0x0000e519        0x3 
 .rodata.str1.4
                0x0000e51c        0x4 c:/freescale/kds_v3/toolchain/bin/../lib/gcc/arm-none-eabi/4.8.4/../../../../arm-none-eabi/lib/armv7e-m/fpu\libm.a(lib_a-w_pow.o)
 .rodata.dp_h   0x0000e520       0x10 c:/freescale/kds_v3/toolchain/bin/../lib/gcc/arm-none-eabi/4.8.4/../../../../arm-none-eabi/lib/armv7e-m/fpu\libm.a(lib_a-e_pow.o)
 .rodata.dp_l   0x0000e530       0x10 c:/freescale/kds_v3/toolchain/bin/../lib/gcc/arm-none-eabi/4.8.4/../../../../arm-none-eabi/lib/armv7e-m/fpu\libm.a(lib_a-e_pow.o)
 .rodata.bp     0x0000e540       0x10 c:/freescale/kds_v3/toolchain/bin/../lib/gcc/arm-none-eabi/4.8.4/../../../../arm-none-eabi/lib/armv7e-m/fpu\libm.a(lib_a-e_pow.o)
 .rodata.str1.4
                0x00000000        0x4 c:/freescale/kds_v3/toolchain/bin/../lib/gcc/arm-none-eabi/4.8.4/../../../../arm-none-eabi/lib/armv7e-m/fpu\libm.a(lib_a-e_pow.o)
 .rodata.TWO52  0x0000e550       0x10 c:/freescale/kds_v3/toolchain/bin/../lib/gcc/arm-none-eabi/4.8.4/../../../../arm-none-eabi/lib/armv7e-m/fpu\libm.a(lib_a-s_rint.o)
 .rodata.str1.1
                0x0000e560        0x2 c:/freescale/kds_v3/toolchain/bin/../lib/gcc/arm-none-eabi/4.8.4/../../../../arm-none-eabi/lib/armv7e-m/fpu\libg_s.a(lib_a-impure.o)
 *fill*         0x0000e562        0x2 
 .rodata._global_impure_ptr
                0x0000e564        0x4 c:/freescale/kds_v3/toolchain/bin/../lib/gcc/arm-none-eabi/4.8.4/../../../../arm-none-eabi/lib/armv7e-m/fpu\libg_s.a(lib_a-impure.o)
                0x0000e564                _global_impure_ptr
 *(.glue_7)
 .glue_7        0x00000000        0x0 linker stubs
 *(.glue_7t)
 .glue_7t       0x00000000        0x0 linker stubs
 *(.eh_frame)
 .eh_frame      0x0000e568        0x0 c:/freescale/kds_v3/toolchain/bin/../lib/gcc/arm-none-eabi/4.8.4/armv7e-m/fpu/crtbegin.o
 *(.init)
 .init          0x0000e568        0x4 c:/freescale/kds_v3/toolchain/bin/../lib/gcc/arm-none-eabi/4.8.4/armv7e-m/fpu/crti.o
                0x0000e568                _init
 .init          0x0000e56c        0x8 c:/freescale/kds_v3/toolchain/bin/../lib/gcc/arm-none-eabi/4.8.4/armv7e-m/fpu/crtn.o
 *(.fini)
 .fini          0x0000e574        0x4 c:/freescale/kds_v3/toolchain/bin/../lib/gcc/arm-none-eabi/4.8.4/armv7e-m/fpu/crti.o
                0x0000e574                _fini
 .fini          0x0000e578        0x8 c:/freescale/kds_v3/toolchain/bin/../lib/gcc/arm-none-eabi/4.8.4/armv7e-m/fpu/crtn.o
                0x0000e580                . = ALIGN (0x4)

.vfp11_veneer   0x0000e580        0x0
 .vfp11_veneer  0x00000000        0x0 linker stubs

.v4_bx          0x0000e580        0x0
 .v4_bx         0x00000000        0x0 linker stubs

.iplt           0x0000e580        0x0
 .iplt          0x00000000        0x0 c:/freescale/kds_v3/toolchain/bin/../lib/gcc/arm-none-eabi/4.8.4/armv7e-m/fpu/crtbegin.o

.ARM.extab
 *(.ARM.extab* .gnu.linkonce.armextab.*)

.ARM            0x0000e580        0x8
                0x0000e580                __exidx_start = .
 *(.ARM.exidx*)
 .ARM.exidx     0x0000e580        0x8 c:/freescale/kds_v3/toolchain/bin/../lib/gcc/arm-none-eabi/4.8.4/../../../../arm-none-eabi/lib/armv7e-m/fpu/crt0.o
 .ARM.exidx     0x0000e588        0x0 c:/freescale/kds_v3/toolchain/bin/../lib/gcc/arm-none-eabi/4.8.4/armv7e-m/fpu\libgcc.a(_divdi3.o)
                                  0x8 (size before relaxing)
 .ARM.exidx     0x0000e588        0x0 c:/freescale/kds_v3/toolchain/bin/../lib/gcc/arm-none-eabi/4.8.4/armv7e-m/fpu\libgcc.a(_udivdi3.o)
                                  0x8 (size before relaxing)
                0x0000e588                __exidx_end = .

.rel.dyn        0x0000e588        0x0
 .rel.iplt      0x00000000        0x0 c:/freescale/kds_v3/toolchain/bin/../lib/gcc/arm-none-eabi/4.8.4/armv7e-m/fpu/crtbegin.o

.ctors          0x0000e588        0x0
                0x0000e588                __CTOR_LIST__ = .
 *crtbegin.o(.ctors)
 *crtbegin?.o(.ctors)
 *(EXCLUDE_FILE(*crtend.o *crtend?.o) .ctors)
 *(SORT(.ctors.*))
 *(.ctors)
                0x0000e588                __CTOR_END__ = .

.dtors          0x0000e588        0x0
                0x0000e588                __DTOR_LIST__ = .
 *crtbegin.o(.dtors)
 *crtbegin?.o(.dtors)
 *(EXCLUDE_FILE(*crtend.o *crtend?.o) .dtors)
 *(SORT(.dtors.*))
 *(.dtors)
                0x0000e588                __DTOR_END__ = .

.preinit_array  0x0000e588        0x0
                0x0000e588                PROVIDE (__preinit_array_start, .)
 *(.preinit_array*)
                0x0000e588                PROVIDE (__preinit_array_end, .)

.init_array     0x0000e588        0x4
                0x0000e588                PROVIDE (__init_array_start, .)
 *(SORT(.init_array.*))
 *(.init_array*)
 .init_array    0x0000e588        0x4 c:/freescale/kds_v3/toolchain/bin/../lib/gcc/arm-none-eabi/4.8.4/armv7e-m/fpu/crtbegin.o
                0x0000e58c                PROVIDE (__init_array_end, .)

.fini_array     0x0000e58c        0x4
                0x0000e58c                PROVIDE (__fini_array_start, .)
 *(SORT(.fini_array.*))
 *(.fini_array*)
 .fini_array    0x0000e58c        0x4 c:/freescale/kds_v3/toolchain/bin/../lib/gcc/arm-none-eabi/4.8.4/armv7e-m/fpu/crtbegin.o
                0x0000e590                PROVIDE (__fini_array_end, .)
                0x0000e590                __etext = .
                0x0000e590                __DATA_ROM = .

.interrupts_ram
                0x1fff0000        0x0
                0x1fff0000                . = ALIGN (0x4)
                0x1fff0000                __VECTOR_RAM__ = .
                0x1fff0000                __interrupts_ram_start__ = .
 *(.m_interrupts_ram)
                0x1fff0000                . = (. + M_VECTOR_RAM_SIZE)
                0x1fff0000                . = ALIGN (0x4)
                0x1fff0000                __interrupts_ram_end__ = .
                0x00000000                __VECTOR_RAM = DEFINED (__ram_vector_table__)?__VECTOR_RAM__:ORIGIN (m_interrupts)
                0x00000000                __RAM_VECTOR_TABLE_SIZE_BYTES = DEFINED (__ram_vector_table__)?(__interrupts_ram_end__ - __interrupts_ram_start__):0x0

.data           0x1fff0000       0x80 load address 0x0000e590
                0x1fff0000                . = ALIGN (0x4)
                0x1fff0000                __DATA_RAM = .
                0x1fff0000                __data_start__ = .
 *(.data)
 *(.data*)
 .data.SystemCoreClock
                0x1fff0000        0x4 ./startup/system_MK64F12.o
                0x1fff0000                SystemCoreClock
 .data.g_useInternalClockForDisplay
                0x1fff0004        0x1 ./source/diag.o
                0x1fff0004                g_useInternalClockForDisplay
 *fill*         0x1fff0005        0x3 
 .data.uxCriticalNesting
                0x1fff0008        0x4 ./freertos/portable/port.o
 .data.s_slowIrcFreq
                0x1fff000c        0x4 ./drivers/fsl_clock.o
 .data.s_fastIrcFreq
                0x1fff0010        0x4 ./drivers/fsl_clock.o
 .data.__fdlib_version
                0x1fff0014        0x1 c:/freescale/kds_v3/toolchain/bin/../lib/gcc/arm-none-eabi/4.8.4/../../../../arm-none-eabi/lib/armv7e-m/fpu\libm.a(lib_a-s_lib_ver.o)
                0x1fff0014                __fdlib_version
 *fill*         0x1fff0015        0x3 
 .data.impure_data
                0x1fff0018       0x60 c:/freescale/kds_v3/toolchain/bin/../lib/gcc/arm-none-eabi/4.8.4/../../../../arm-none-eabi/lib/armv7e-m/fpu\libg_s.a(lib_a-impure.o)
 .data._impure_ptr
                0x1fff0078        0x4 c:/freescale/kds_v3/toolchain/bin/../lib/gcc/arm-none-eabi/4.8.4/../../../../arm-none-eabi/lib/armv7e-m/fpu\libg_s.a(lib_a-impure.o)
                0x1fff0078                _impure_ptr
 *(.jcr*)
 .jcr           0x1fff007c        0x0 c:/freescale/kds_v3/toolchain/bin/../lib/gcc/arm-none-eabi/4.8.4/armv7e-m/fpu/crtbegin.o
 .jcr           0x1fff007c        0x4 c:/freescale/kds_v3/toolchain/bin/../lib/gcc/arm-none-eabi/4.8.4/armv7e-m/fpu/crtend.o
                0x1fff0080                . = ALIGN (0x4)
                0x1fff0080                __data_end__ = .
                0x0000e610                __DATA_END = (__DATA_ROM + (__data_end__ - __data_start__))
                0x00100000                text_end = (ORIGIN (m_text) + 0xffbf0)
                0x00000001                ASSERT ((__DATA_END <= text_end), region m_text overflowed with text and data)
                0x00000800                USB_RAM_GAP = DEFINED (__usb_ram_size__)?__usb_ram_size__:0x800

.igot.plt       0x1fff0080        0x0 load address 0x0000e610
 .igot.plt      0x00000000        0x0 c:/freescale/kds_v3/toolchain/bin/../lib/gcc/arm-none-eabi/4.8.4/armv7e-m/fpu/crtbegin.o

.bss            0x1fff0080     0x5b80 load address 0x0000e610
                0x1fff0080                . = ALIGN (0x4)
                0x1fff0080                __START_BSS = .
                0x1fff0080                __bss_start__ = .
 *(.bss)
 .bss           0x1fff0080       0x1c c:/freescale/kds_v3/toolchain/bin/../lib/gcc/arm-none-eabi/4.8.4/armv7e-m/fpu/crtbegin.o
 *(.bss*)
 .bss.s_debugConsole
                0x1fff009c       0x10 ./utilities/fsl_debug_console.o
 .bss.adcValue  0x1fff00ac        0x4 ./source/adc.o
 .bss.conversionCompleted
                0x1fff00b0        0x1 ./source/adc.o
                0x1fff00b0                conversionCompleted
 *fill*         0x1fff00b1        0x3 
 .bss.g_powerInfo
                0x1fff00b4      0x650 ./source/agc.o
                0x1fff00b4                g_powerInfo
 .bss.g_powerAvgCount
                0x1fff0704        0x2 ./source/agc.o
                0x1fff0704                g_powerAvgCount
 *fill*         0x1fff0706        0x2 
 .bss.algoFunctions
                0x1fff0708       0x10 ./source/algo.o
                0x1fff0708                algoFunctions
 .bss.g_algoRunning
                0x1fff0718        0x4 ./source/algo.o
                0x1fff0718                g_algoRunning
 .bss.g_cookingResponse
                0x1fff071c       0x20 ./source/algo.o
                0x1fff071c                g_cookingResponse
 .bss.g_frequenciesTable
                0x1fff073c       0x68 ./source/algo.o
                0x1fff073c                g_frequenciesTable
 .bss.g_dr      0x1fff07a4      0x4bc ./source/algo.o
                0x1fff07a4                g_dr
 .bss.g_fixMag  0x1fff0c60       0x68 ./source/algo.o
                0x1fff0c60                g_fixMag
 .bss.SwDrCycleTimerHandle
                0x1fff0cc8        0x4 ./source/algo.o
                0x1fff0cc8                SwDrCycleTimerHandle
 .bss.SwOverallTimerHandle
                0x1fff0ccc        0x4 ./source/algo.o
                0x1fff0ccc                SwOverallTimerHandle
 .bss.g_cookingData1
                0x1fff0cd0       0xcc ./source/algo.o
                0x1fff0cd0                g_cookingData1
 .bss.g_cookingData2
                0x1fff0d9c       0xcc ./source/algo.o
                0x1fff0d9c                g_cookingData2
 .bss.g_ABForward
                0x1fff0e68      0x650 ./source/calreader.o
                0x1fff0e68                g_ABForward
 .bss.g_ABReflected
                0x1fff14b8      0x650 ./source/calreader.o
                0x1fff14b8                g_ABReflected
 .bss.g_location
                0x1fff1b08        0x4 ./source/diag.o
                0x1fff1b08                g_location
 .bss.g_pause   0x1fff1b0c        0x1 ./source/diag.o
                0x1fff1b0c                g_pause
 *fill*         0x1fff1b0d        0x3 
 .bss.g_FlashWriteChunkSize
                0x1fff1b10        0x4 ./source/diag.o
                0x1fff1b10                g_FlashWriteChunkSize
 .bss.g_flashWriteIndex
                0x1fff1b14        0x4 ./source/diag.o
                0x1fff1b14                g_flashWriteIndex
 .bss.g_flashReadIndex
                0x1fff1b18        0x4 ./source/diag.o
                0x1fff1b18                g_flashReadIndex
 .bss.g_FlashReadChunkSize
                0x1fff1b1c        0x4 ./source/diag.o
                0x1fff1b1c                g_FlashReadChunkSize
 .bss.m_algoBufIndex
                0x1fff1b20        0x4 ./source/diag.o
                0x1fff1b20                m_algoBufIndex
 .bss.cookingHeatList
                0x1fff1b24      0x190 ./source/diag.o
                0x1fff1b24                cookingHeatList
 .bss.g_startCooking
                0x1fff1cb4        0x1 ./source/diag.o
                0x1fff1cb4                g_startCooking
 *fill*         0x1fff1cb5        0x3 
 .bss.g_stayAliveCounter
                0x1fff1cb8        0x4 ./source/diag.o
                0x1fff1cb8                g_stayAliveCounter
 .bss.g_overallTimer
                0x1fff1cbc        0x4 ./source/diag.o
                0x1fff1cbc                g_overallTimer
 .bss.g_drTimer
                0x1fff1cc0        0x4 ./source/dr_threshold_algo.o
                0x1fff1cc0                g_drTimer
 .bss.g_totalTimeInTimerTikcs
                0x1fff1cc4        0x4 ./source/equal_energy_algo.o
                0x1fff1cc4                g_totalTimeInTimerTikcs
 .bss.SwAlgoTimerHandle
                0x1fff1cc8        0x4 ./source/equal_energy_algo.o
                0x1fff1cc8                SwAlgoTimerHandle
 .bss.flashDriver
                0x1fff1ccc       0x34 ./source/flash.o
                0x1fff1ccc                flashDriver
 .bss.securityStatus
                0x1fff1d00        0x1 ./source/flash.o
                0x1fff1d00                securityStatus
 *fill*         0x1fff1d01        0x3 
 .bss.result    0x1fff1d04        0x4 ./source/flash.o
                0x1fff1d04                result
 .bss.destAdrss
                0x1fff1d08        0x4 ./source/flash.o
                0x1fff1d08                destAdrss
 .bss.failAddr  0x1fff1d0c        0x4 ./source/flash.o
                0x1fff1d0c                failAddr
 .bss.failDat   0x1fff1d10        0x4 ./source/flash.o
                0x1fff1d10                failDat
 .bss.pflashBlockBase
                0x1fff1d14        0x4 ./source/flash.o
                0x1fff1d14                pflashBlockBase
 .bss.pflashTotalSize
                0x1fff1d18        0x4 ./source/flash.o
                0x1fff1d18                pflashTotalSize
 .bss.pflashSectorSize
                0x1fff1d1c        0x4 ./source/flash.o
                0x1fff1d1c                pflashSectorSize
 .bss.dflashTotalSize
                0x1fff1d20        0x4 ./source/flash.o
                0x1fff1d20                dflashTotalSize
 .bss.dflashBlockBase
                0x1fff1d24        0x4 ./source/flash.o
                0x1fff1d24                dflashBlockBase
 .bss.eepromTotalSize
                0x1fff1d28        0x4 ./source/flash.o
                0x1fff1d28                eepromTotalSize
 .bss.g_errors  0x1fff1d2c        0x4 ./source/freertos_i2c.o
                0x1fff1d2c                g_errors
 .bss.systemFunctions
                0x1fff1d30      0x190 ./source/freertos_i2c.o
                0x1fff1d30                systemFunctions
 .bss.kjTaskHandle
                0x1fff1ec0        0x4 ./source/freertos_i2c.o
                0x1fff1ec0                kjTaskHandle
 .bss.mainTaskHandle
                0x1fff1ec4        0x4 ./source/freertos_i2c.o
                0x1fff1ec4                mainTaskHandle
 .bss.InputDataBuffer
                0x1fff1ec8      0x100 ./source/freertos_i2c.o
                0x1fff1ec8                InputDataBuffer
 .bss.g_algoIndex
                0x1fff1fc8        0x1 ./source/freertos_i2c.o
                0x1fff1fc8                g_algoIndex
 *fill*         0x1fff1fc9        0x3 
 .bss.g_cookingIndex
                0x1fff1fcc        0x4 ./source/freertos_i2c.o
                0x1fff1fcc                g_cookingIndex
 .bss.g_slave_buff
                0x1fff1fd0       0x20 ./source/freertos_i2c.o
                0x1fff1fd0                g_slave_buff
 .bss.g_s_handle
                0x1fff1ff0       0x24 ./source/freertos_i2c.o
                0x1fff1ff0                g_s_handle
 .bss.g_tickStartValue
                0x1fff2014        0x4 ./source/rtostimertick.o
 .bss.g_configTimer
                0x1fff2018        0x1 ./source/timer.o
                0x1fff2018                g_configTimer
 .bss.g_lptmrFirst
                0x1fff2019        0x1 ./source/timer.o
                0x1fff2019                g_lptmrFirst
 *fill*         0x1fff201a        0x2 
 .bss.g_cookingFreeRunning
                0x1fff201c        0x4 ./source/timer.o
                0x1fff201c                g_cookingFreeRunning
 .bss.g_timerStatus
                0x1fff2020        0x1 ./source/timer.o
                0x1fff2020                g_timerStatus
 .bss.ucMaxSysCallPriority
                0x1fff2021        0x1 ./freertos/portable/port.o
 *fill*         0x1fff2022        0x2 
 .bss.ulMaxPRIGROUPValue
                0x1fff2024        0x4 ./freertos/portable/port.o
 .bss.ucHeap    0x1fff2028     0x2800 ./freertos/heap_4.o
 .bss.xStart    0x1fff4828        0x8 ./freertos/heap_4.o
 .bss.pxEnd     0x1fff4830        0x4 ./freertos/heap_4.o
 .bss.xFreeBytesRemaining
                0x1fff4834        0x4 ./freertos/heap_4.o
 .bss.xMinimumEverFreeBytesRemaining
                0x1fff4838        0x4 ./freertos/heap_4.o
 .bss.xBlockAllocatedBit
                0x1fff483c        0x4 ./freertos/heap_4.o
 .bss.xQueueRegistry
                0x1fff4840       0x40 ./freertos/queue.o
                0x1fff4840                xQueueRegistry
 .bss.pxCurrentTCB
                0x1fff4880        0x4 ./freertos/tasks.o
                0x1fff4880                pxCurrentTCB
 .bss.pxReadyTasksLists
                0x1fff4884       0x64 ./freertos/tasks.o
 .bss.xDelayedTaskList1
                0x1fff48e8       0x14 ./freertos/tasks.o
 .bss.xDelayedTaskList2
                0x1fff48fc       0x14 ./freertos/tasks.o
 .bss.pxDelayedTaskList
                0x1fff4910        0x4 ./freertos/tasks.o
 .bss.pxOverflowDelayedTaskList
                0x1fff4914        0x4 ./freertos/tasks.o
 .bss.xPendingReadyList
                0x1fff4918       0x14 ./freertos/tasks.o
 .bss.xTasksWaitingTermination
                0x1fff492c       0x14 ./freertos/tasks.o
 .bss.uxTasksDeleted
                0x1fff4940        0x4 ./freertos/tasks.o
 .bss.xSuspendedTaskList
                0x1fff4944       0x14 ./freertos/tasks.o
 .bss.uxCurrentNumberOfTasks
                0x1fff4958        0x4 ./freertos/tasks.o
 .bss.xTickCount
                0x1fff495c        0x4 ./freertos/tasks.o
 .bss.uxTopReadyPriority
                0x1fff4960        0x4 ./freertos/tasks.o
 .bss.xSchedulerRunning
                0x1fff4964        0x4 ./freertos/tasks.o
 .bss.uxPendedTicks
                0x1fff4968        0x4 ./freertos/tasks.o
 .bss.xYieldPending
                0x1fff496c        0x4 ./freertos/tasks.o
 .bss.xNumOfOverflows
                0x1fff4970        0x4 ./freertos/tasks.o
 .bss.uxTaskNumber
                0x1fff4974        0x4 ./freertos/tasks.o
 .bss.xNextTaskUnblockTime
                0x1fff4978        0x4 ./freertos/tasks.o
 .bss.uxSchedulerSuspended
                0x1fff497c        0x4 ./freertos/tasks.o
 .bss.xActiveTimerList1
                0x1fff4980       0x14 ./freertos/timers.o
 .bss.xActiveTimerList2
                0x1fff4994       0x14 ./freertos/timers.o
 .bss.pxCurrentTimerList
                0x1fff49a8        0x4 ./freertos/timers.o
 .bss.pxOverflowTimerList
                0x1fff49ac        0x4 ./freertos/timers.o
 .bss.xTimerQueue
                0x1fff49b0        0x4 ./freertos/timers.o
 .bss.xLastTime.4754
                0x1fff49b4        0x4 ./freertos/timers.o
 .bss.g_xtal0Freq
                0x1fff49b8        0x4 ./drivers/fsl_clock.o
                0x1fff49b8                g_xtal0Freq
 .bss.g_xtal32Freq
                0x1fff49bc        0x4 ./drivers/fsl_clock.o
                0x1fff49bc                g_xtal32Freq
 .bss.g_dspiHandle
                0x1fff49c0        0xc ./drivers/fsl_dspi.o
 .bss.s_dspiMasterIsr
                0x1fff49cc        0x4 ./drivers/fsl_dspi.o
 .bss.s_dspiSlaveIsr
                0x1fff49d0        0x4 ./drivers/fsl_dspi.o
 .bss.callFlashRunCommand
                0x1fff49d4        0x4 ./drivers/fsl_flash.o
 .bss.callFlashCacheClearCommand
                0x1fff49d8        0x4 ./drivers/fsl_flash.o
 .bss.s_flashRunCommand
                0x1fff49dc       0x40 ./drivers/fsl_flash.o
 .bss.s_flashCacheClearCommand
                0x1fff4a1c       0x40 ./drivers/fsl_flash.o
 .bss.s_flashExecuteInRamFunctionInfo
                0x1fff4a5c        0xc ./drivers/fsl_flash.o
 .bss.inBuff    0x1fff4a68      0x3e8 ./drivers/fsl_i2c.o
                0x1fff4a68                inBuff
 .bss.outBuff   0x1fff4e50      0x3e8 ./drivers/fsl_i2c.o
                0x1fff4e50                outBuff
 .bss.inBuffer_writeIndex
                0x1fff5238        0x1 ./drivers/fsl_i2c.o
                0x1fff5238                inBuffer_writeIndex
 .bss.inBuffer_readIndex
                0x1fff5239        0x1 ./drivers/fsl_i2c.o
                0x1fff5239                inBuffer_readIndex
 .bss.outBuffer_writeIndex
                0x1fff523a        0x1 ./drivers/fsl_i2c.o
                0x1fff523a                outBuffer_writeIndex
 .bss.outBuffer_readIndex
                0x1fff523b        0x1 ./drivers/fsl_i2c.o
                0x1fff523b                outBuffer_readIndex
 .bss.s_i2cHandle
                0x1fff523c        0xc ./drivers/fsl_i2c.o
 .bss.s_i2cMasterIsr
                0x1fff5248        0x4 ./drivers/fsl_i2c.o
 .bss.s_i2cSlaveIsr
                0x1fff524c        0x4 ./drivers/fsl_i2c.o
 .bss.s_uartHandle
                0x1fff5250       0x18 ./drivers/fsl_uart.o
 .bss.s_uartIsr
                0x1fff5268        0x4 ./drivers/fsl_uart.o
                0x1fff5400                . = ALIGN (0x200)
 *fill*         0x1fff526c      0x194 
                0x1fff5400                USB_RAM_START = .
                0x1fff5c00                . = (. + USB_RAM_GAP)
 *fill*         0x1fff5400      0x800 
 *(COMMON)
                0x1fff5c00                . = ALIGN (0x4)
                0x1fff5c00                __bss_end__ = .
                0x1fff5c00                __END_BSS = .

.heap           0x20000000      0x400
                0x20000000                . = ALIGN (0x8)
                0x20000000                __end__ = .
                0x20000000                PROVIDE (end, .)
                0x20000000                __HeapBase = .
                0x20000400                . = (. + HEAP_SIZE)
 *fill*         0x20000000      0x400 
                0x20000400                __HeapLimit = .
                0x20000400                __heap_limit = .

.stack          0x20000400      0x400
                0x20000400                . = ALIGN (0x8)
                0x20000800                . = (. + STACK_SIZE)
 *fill*         0x20000400      0x400 

m_usb_bdt       0x1fff5400        0x0
 *(m_usb_bdt)
                0x1fff5400                USB_RAM_BDT_END = .

m_usb_global
 *(m_usb_global)
                0x20030000                __StackTop = (ORIGIN (m_data_2) + 0x30000)
                0x2002fc00                __StackLimit = (__StackTop - STACK_SIZE)
                0x20030000                PROVIDE (__stack, __StackTop)

.ARM.attributes
                0x00000000       0x30
 *(.ARM.attributes)
 .ARM.attributes
                0x00000000       0x22 c:/freescale/kds_v3/toolchain/bin/../lib/gcc/arm-none-eabi/4.8.4/armv7e-m/fpu/crti.o
 .ARM.attributes
                0x00000022       0x34 c:/freescale/kds_v3/toolchain/bin/../lib/gcc/arm-none-eabi/4.8.4/armv7e-m/fpu/crtbegin.o
 .ARM.attributes
                0x00000056       0x20 c:/freescale/kds_v3/toolchain/bin/../lib/gcc/arm-none-eabi/4.8.4/../../../../arm-none-eabi/lib/armv7e-m/fpu/crt0.o
 .ARM.attributes
                0x00000076       0x39 ./utilities/fsl_debug_console.o
 .ARM.attributes
                0x000000af       0x1f ./startup/startup_MK64F12.o
 .ARM.attributes
                0x000000ce       0x39 ./startup/system_MK64F12.o
 .ARM.attributes
                0x00000107       0x39 ./source/adc.o
 .ARM.attributes
                0x00000140       0x39 ./source/agc.o
 .ARM.attributes
                0x00000179       0x39 ./source/algo.o
 .ARM.attributes
                0x000001b2       0x39 ./source/amp.o
 .ARM.attributes
                0x000001eb       0x39 ./source/calcdr.o
 .ARM.attributes
                0x00000224       0x39 ./source/calreader.o
 .ARM.attributes
                0x0000025d       0x39 ./source/diag.o
 .ARM.attributes
                0x00000296       0x39 ./source/dr_threshold_algo.o
 .ARM.attributes
                0x000002cf       0x39 ./source/equal_energy_algo.o
 .ARM.attributes
                0x00000308       0x39 ./source/flash.o
 .ARM.attributes
                0x00000341       0x39 ./source/freertos_i2c.o
 .ARM.attributes
                0x0000037a       0x39 ./source/rfoff.o
 .ARM.attributes
                0x000003b3       0x39 ./source/rtostimertick.o
 .ARM.attributes
                0x000003ec       0x39 ./source/sortalgo.o
 .ARM.attributes
                0x00000425       0x39 ./source/timer.o
 .ARM.attributes
                0x0000045e       0x39 ./source/top_percentage_algo.o
 .ARM.attributes
                0x00000497       0x39 ./freertos/portable/port.o
 .ARM.attributes
                0x000004d0       0x39 ./freertos/heap_4.o
 .ARM.attributes
                0x00000509       0x39 ./freertos/list.o
 .ARM.attributes
                0x00000542       0x39 ./freertos/queue.o
 .ARM.attributes
                0x0000057b       0x39 ./freertos/tasks.o
 .ARM.attributes
                0x000005b4       0x39 ./freertos/timers.o
 .ARM.attributes
                0x000005ed       0x39 ./drivers/fsl_adc16.o
 .ARM.attributes
                0x00000626       0x39 ./drivers/fsl_clock.o
 .ARM.attributes
                0x0000065f       0x39 ./drivers/fsl_common.o
 .ARM.attributes
                0x00000698       0x39 ./drivers/fsl_dspi.o
 .ARM.attributes
                0x000006d1       0x39 ./drivers/fsl_flash.o
 .ARM.attributes
                0x0000070a       0x39 ./drivers/fsl_gpio.o
 .ARM.attributes
                0x00000743       0x39 ./drivers/fsl_i2c.o
 .ARM.attributes
                0x0000077c       0x39 ./drivers/fsl_lptmr.o
 .ARM.attributes
                0x000007b5       0x39 ./drivers/fsl_uart.o
 .ARM.attributes
                0x000007ee       0x39 ./drivers/fsl_wdog.o
 .ARM.attributes
                0x00000827       0x39 ./board/board.o
 .ARM.attributes
                0x00000860       0x39 ./board/clock_config.o
 .ARM.attributes
                0x00000899       0x39 ./board/pin_mux.o
 .ARM.attributes
                0x000008d2       0x34 c:/freescale/kds_v3/toolchain/bin/../lib/gcc/arm-none-eabi/4.8.4/../../../../arm-none-eabi/lib/armv7e-m/fpu\libm.a(lib_a-s_modf.o)
 .ARM.attributes
                0x00000906       0x34 c:/freescale/kds_v3/toolchain/bin/../lib/gcc/arm-none-eabi/4.8.4/../../../../arm-none-eabi/lib/armv7e-m/fpu\libm.a(lib_a-w_log10.o)
 .ARM.attributes
                0x0000093a       0x34 c:/freescale/kds_v3/toolchain/bin/../lib/gcc/arm-none-eabi/4.8.4/../../../../arm-none-eabi/lib/armv7e-m/fpu\libm.a(lib_a-w_pow.o)
 .ARM.attributes
                0x0000096e       0x34 c:/freescale/kds_v3/toolchain/bin/../lib/gcc/arm-none-eabi/4.8.4/../../../../arm-none-eabi/lib/armv7e-m/fpu\libm.a(lib_a-e_log10.o)
 .ARM.attributes
                0x000009a2       0x34 c:/freescale/kds_v3/toolchain/bin/../lib/gcc/arm-none-eabi/4.8.4/../../../../arm-none-eabi/lib/armv7e-m/fpu\libm.a(lib_a-e_pow.o)
 .ARM.attributes
                0x000009d6       0x34 c:/freescale/kds_v3/toolchain/bin/../lib/gcc/arm-none-eabi/4.8.4/../../../../arm-none-eabi/lib/armv7e-m/fpu\libm.a(lib_a-e_sqrt.o)
 .ARM.attributes
                0x00000a0a       0x34 c:/freescale/kds_v3/toolchain/bin/../lib/gcc/arm-none-eabi/4.8.4/../../../../arm-none-eabi/lib/armv7e-m/fpu\libm.a(lib_a-s_fabs.o)
 .ARM.attributes
                0x00000a3e       0x34 c:/freescale/kds_v3/toolchain/bin/../lib/gcc/arm-none-eabi/4.8.4/../../../../arm-none-eabi/lib/armv7e-m/fpu\libm.a(lib_a-s_finite.o)
 .ARM.attributes
                0x00000a72       0x34 c:/freescale/kds_v3/toolchain/bin/../lib/gcc/arm-none-eabi/4.8.4/../../../../arm-none-eabi/lib/armv7e-m/fpu\libm.a(lib_a-s_fpclassify.o)
 .ARM.attributes
                0x00000aa6       0x34 c:/freescale/kds_v3/toolchain/bin/../lib/gcc/arm-none-eabi/4.8.4/../../../../arm-none-eabi/lib/armv7e-m/fpu\libm.a(lib_a-s_lib_ver.o)
 .ARM.attributes
                0x00000ada       0x34 c:/freescale/kds_v3/toolchain/bin/../lib/gcc/arm-none-eabi/4.8.4/../../../../arm-none-eabi/lib/armv7e-m/fpu\libm.a(lib_a-s_matherr.o)
 .ARM.attributes
                0x00000b0e       0x34 c:/freescale/kds_v3/toolchain/bin/../lib/gcc/arm-none-eabi/4.8.4/../../../../arm-none-eabi/lib/armv7e-m/fpu\libm.a(lib_a-s_nan.o)
 .ARM.attributes
                0x00000b42       0x34 c:/freescale/kds_v3/toolchain/bin/../lib/gcc/arm-none-eabi/4.8.4/../../../../arm-none-eabi/lib/armv7e-m/fpu\libm.a(lib_a-s_rint.o)
 .ARM.attributes
                0x00000b76       0x34 c:/freescale/kds_v3/toolchain/bin/../lib/gcc/arm-none-eabi/4.8.4/../../../../arm-none-eabi/lib/armv7e-m/fpu\libm.a(lib_a-s_scalbn.o)
 .ARM.attributes
                0x00000baa       0x34 c:/freescale/kds_v3/toolchain/bin/../lib/gcc/arm-none-eabi/4.8.4/../../../../arm-none-eabi/lib/armv7e-m/fpu\libm.a(lib_a-e_log.o)
 .ARM.attributes
                0x00000bde       0x34 c:/freescale/kds_v3/toolchain/bin/../lib/gcc/arm-none-eabi/4.8.4/../../../../arm-none-eabi/lib/armv7e-m/fpu\libm.a(lib_a-s_copysign.o)
 .ARM.attributes
                0x00000c12       0x34 c:/freescale/kds_v3/toolchain/bin/../lib/gcc/arm-none-eabi/4.8.4/../../../../arm-none-eabi/lib/armv7e-m/fpu\libg_s.a(lib_a-errno.o)
 .ARM.attributes
                0x00000c46       0x34 c:/freescale/kds_v3/toolchain/bin/../lib/gcc/arm-none-eabi/4.8.4/../../../../arm-none-eabi/lib/armv7e-m/fpu\libg_s.a(lib_a-exit.o)
 .ARM.attributes
                0x00000c7a       0x34 c:/freescale/kds_v3/toolchain/bin/../lib/gcc/arm-none-eabi/4.8.4/../../../../arm-none-eabi/lib/armv7e-m/fpu\libg_s.a(lib_a-impure.o)
 .ARM.attributes
                0x00000cae       0x34 c:/freescale/kds_v3/toolchain/bin/../lib/gcc/arm-none-eabi/4.8.4/../../../../arm-none-eabi/lib/armv7e-m/fpu\libg_s.a(lib_a-init.o)
 .ARM.attributes
                0x00000ce2       0x34 c:/freescale/kds_v3/toolchain/bin/../lib/gcc/arm-none-eabi/4.8.4/../../../../arm-none-eabi/lib/armv7e-m/fpu\libg_s.a(lib_a-memcpy-stub.o)
 .ARM.attributes
                0x00000d16       0x34 c:/freescale/kds_v3/toolchain/bin/../lib/gcc/arm-none-eabi/4.8.4/../../../../arm-none-eabi/lib/armv7e-m/fpu\libg_s.a(lib_a-memset.o)
 .ARM.attributes
                0x00000d4a       0x34 c:/freescale/kds_v3/toolchain/bin/../lib/gcc/arm-none-eabi/4.8.4/../../../../arm-none-eabi/lib/armv7e-m/fpu\libg_s.a(lib_a-strlen.o)
 .ARM.attributes
                0x00000d7e       0x22 c:/freescale/kds_v3/toolchain/bin/../lib/gcc/arm-none-eabi/4.8.4/armv7e-m/fpu\libgcc.a(_arm_addsubdf3.o)
 .ARM.attributes
                0x00000da0       0x22 c:/freescale/kds_v3/toolchain/bin/../lib/gcc/arm-none-eabi/4.8.4/armv7e-m/fpu\libgcc.a(_arm_muldivdf3.o)
 .ARM.attributes